Archive member included to satisfy reference by file (symbol)

c:/progra~2/gnuarm~1/102021~1.10/bin/../lib/gcc/arm-none-eabi/10.3.1/thumb/v6-m/nofp\libgcc.a(_dvmd_tls.o)
                              CMakeFiles/picoUartTxInt.dir/C_/Users/m3925/Documents/Pico/pico-sdk/src/rp2_common/pico_divider/divider.S.obj (__aeabi_idiv0)
c:/progra~2/gnuarm~1/102021~1.10/bin/../lib/gcc/arm-none-eabi/10.3.1/../../../../arm-none-eabi/lib/thumb/v6-m/nofp\libg.a(lib_a-calloc.o)
                              CMakeFiles/picoUartTxInt.dir/C_/Users/m3925/Documents/Pico/pico-sdk/src/rp2_common/pico_malloc/pico_malloc.c.obj (calloc)
c:/progra~2/gnuarm~1/102021~1.10/bin/../lib/gcc/arm-none-eabi/10.3.1/../../../../arm-none-eabi/lib/thumb/v6-m/nofp\libg.a(lib_a-callocr.o)
                              c:/progra~2/gnuarm~1/102021~1.10/bin/../lib/gcc/arm-none-eabi/10.3.1/../../../../arm-none-eabi/lib/thumb/v6-m/nofp\libg.a(lib_a-calloc.o) (_calloc_r)
c:/progra~2/gnuarm~1/102021~1.10/bin/../lib/gcc/arm-none-eabi/10.3.1/../../../../arm-none-eabi/lib/thumb/v6-m/nofp\libg.a(lib_a-errno.o)
                              c:/progra~2/gnuarm~1/102021~1.10/bin/../lib/gcc/arm-none-eabi/10.3.1/../../../../arm-none-eabi/lib/thumb/v6-m/nofp\libg.a(lib_a-callocr.o) (__errno)
c:/progra~2/gnuarm~1/102021~1.10/bin/../lib/gcc/arm-none-eabi/10.3.1/../../../../arm-none-eabi/lib/thumb/v6-m/nofp\libg.a(lib_a-impure.o)
                              c:/progra~2/gnuarm~1/102021~1.10/bin/../lib/gcc/arm-none-eabi/10.3.1/../../../../arm-none-eabi/lib/thumb/v6-m/nofp\libg.a(lib_a-calloc.o) (_impure_ptr)
c:/progra~2/gnuarm~1/102021~1.10/bin/../lib/gcc/arm-none-eabi/10.3.1/../../../../arm-none-eabi/lib/thumb/v6-m/nofp\libg.a(lib_a-init.o)
                              c:/progra~2/gnuarm~1/102021~1.10/bin/../lib/gcc/arm-none-eabi/10.3.1/../../../../arm-none-eabi/lib/thumb/v6-m/nofp/crt0.o (__libc_init_array)
c:/progra~2/gnuarm~1/102021~1.10/bin/../lib/gcc/arm-none-eabi/10.3.1/../../../../arm-none-eabi/lib/thumb/v6-m/nofp\libg.a(lib_a-malloc.o)
                              CMakeFiles/picoUartTxInt.dir/C_/Users/m3925/Documents/Pico/pico-sdk/src/rp2_common/pico_malloc/pico_malloc.c.obj (malloc)
c:/progra~2/gnuarm~1/102021~1.10/bin/../lib/gcc/arm-none-eabi/10.3.1/../../../../arm-none-eabi/lib/thumb/v6-m/nofp\libg.a(lib_a-mallocr.o)
                              c:/progra~2/gnuarm~1/102021~1.10/bin/../lib/gcc/arm-none-eabi/10.3.1/../../../../arm-none-eabi/lib/thumb/v6-m/nofp\libg.a(lib_a-callocr.o) (_malloc_r)
c:/progra~2/gnuarm~1/102021~1.10/bin/../lib/gcc/arm-none-eabi/10.3.1/../../../../arm-none-eabi/lib/thumb/v6-m/nofp\libg.a(lib_a-mlock.o)
                              c:/progra~2/gnuarm~1/102021~1.10/bin/../lib/gcc/arm-none-eabi/10.3.1/../../../../arm-none-eabi/lib/thumb/v6-m/nofp\libg.a(lib_a-mallocr.o) (__malloc_lock)
c:/progra~2/gnuarm~1/102021~1.10/bin/../lib/gcc/arm-none-eabi/10.3.1/../../../../arm-none-eabi/lib/thumb/v6-m/nofp\libg.a(lib_a-realloc.o)
                              CMakeFiles/picoUartTxInt.dir/C_/Users/m3925/Documents/Pico/pico-sdk/src/rp2_common/pico_malloc/pico_malloc.c.obj (realloc)
c:/progra~2/gnuarm~1/102021~1.10/bin/../lib/gcc/arm-none-eabi/10.3.1/../../../../arm-none-eabi/lib/thumb/v6-m/nofp\libg.a(lib_a-reallocr.o)
                              c:/progra~2/gnuarm~1/102021~1.10/bin/../lib/gcc/arm-none-eabi/10.3.1/../../../../arm-none-eabi/lib/thumb/v6-m/nofp\libg.a(lib_a-realloc.o) (_realloc_r)
c:/progra~2/gnuarm~1/102021~1.10/bin/../lib/gcc/arm-none-eabi/10.3.1/../../../../arm-none-eabi/lib/thumb/v6-m/nofp\libg.a(lib_a-sbrkr.o)
                              c:/progra~2/gnuarm~1/102021~1.10/bin/../lib/gcc/arm-none-eabi/10.3.1/../../../../arm-none-eabi/lib/thumb/v6-m/nofp\libg.a(lib_a-mallocr.o) (_sbrk_r)
c:/progra~2/gnuarm~1/102021~1.10/bin/../lib/gcc/arm-none-eabi/10.3.1/../../../../arm-none-eabi/lib/thumb/v6-m/nofp\libg.a(lib_a-strlen-stub.o)
                              CMakeFiles/picoUartTxInt.dir/C_/Users/m3925/Documents/Pico/pico-sdk/src/rp2_common/pico_stdio/stdio.c.obj (strlen)
c:/progra~2/gnuarm~1/102021~1.10/bin/../lib/gcc/arm-none-eabi/10.3.1/../../../../arm-none-eabi/lib/thumb/v6-m/nofp\libg.a(lib_a-freer.o)
                              c:/progra~2/gnuarm~1/102021~1.10/bin/../lib/gcc/arm-none-eabi/10.3.1/../../../../arm-none-eabi/lib/thumb/v6-m/nofp\libg.a(lib_a-malloc.o) (_free_r)
c:/progra~2/gnuarm~1/102021~1.10/bin/../lib/gcc/arm-none-eabi/10.3.1/../../../../arm-none-eabi/lib/thumb/v6-m/nofp\libg.a(lib_a-lock.o)
                              c:/progra~2/gnuarm~1/102021~1.10/bin/../lib/gcc/arm-none-eabi/10.3.1/../../../../arm-none-eabi/lib/thumb/v6-m/nofp\libg.a(lib_a-mlock.o) (__retarget_lock_acquire_recursive)
c:/progra~2/gnuarm~1/102021~1.10/bin/../lib/gcc/arm-none-eabi/10.3.1/../../../../arm-none-eabi/lib/thumb/v6-m/nofp\libg.a(lib_a-memmove.o)
[...]
Memory Configuration

Name             Origin             Length             Attributes
FLASH            0x10000000         0x00200000         xr
RAM              0x20000000         0x00040000         xrw
SCRATCH_X        0x20040000         0x00001000         xrw
SCRATCH_Y        0x20041000         0x00001000         xrw
*default*        0x00000000         0xffffffff

Linker script and memory map

LOAD c:/progra~2/gnuarm~1/102021~1.10/bin/../lib/gcc/arm-none-eabi/10.3.1/thumb/v6-m/nofp/crti.o
LOAD c:/progra~2/gnuarm~1/102021~1.10/bin/../lib/gcc/arm-none-eabi/10.3.1/thumb/v6-m/nofp/crtbegin.o
LOAD c:/progra~2/gnuarm~1/102021~1.10/bin/../lib/gcc/arm-none-eabi/10.3.1/../../../../arm-none-eabi/lib/thumb/v6-m/nofp/crt0.o

.flash_begin    0x10000000        0x0
                0x10000000                __flash_binary_start = .

.boot2          0x10000000      0x100
                0x10000000                __boot2_start__ = .
 *(.boot2)
 .boot2         0x10000000      0x100 C:\Users\m3925\AppData\Local\Temp\ccUu3ByM.o
                0x10000100                __boot2_end__ = .
                0x00000001                ASSERT (((__boot2_end__ - __boot2_start__) == 0x100), ERROR: Pico second stage bootloader must be 256 bytes in size)

.text           0x10000100     0x4218
                0x10000100                __logical_binary_start = .
 *(.vectors)
 .vectors       0x10000100       0xd4 CMakeFiles/picoUartTxInt.dir/C_/Users/m3925/Documents/Pico/pico-sdk/src/rp2_common/pico_standard_link/crt0.S.obj
                0x10000100                __VECTOR_TABLE
                0x10000100                __vectors
                0x100001c0                isr_invalid
                0x100001c0                __default_isrs_start
                0x100001c2                isr_nmi
                0x100001c4                isr_hardfault
                0x100001c6                isr_svcall
                0x100001c8                isr_pendsv
                0x100001ca                isr_systick
                0x100001cc                isr_irq23
                0x100001cc                isr_irq18
                0x100001cc                isr_irq11
                0x100001cc                isr_irq28
                0x100001cc                isr_irq19
                0x100001cc                isr_irq0
                0x100001cc                isr_irq6
                0x100001cc                isr_irq5
                0x100001cc                isr_irq12
                0x100001cc                isr_irq22
                0x100001cc                isr_irq31
                0x100001cc                isr_irq17
                0x100001cc                isr_irq27
                0x100001cc                isr_irq30
                0x100001cc                isr_irq2
                0x100001cc                isr_irq10
                0x100001cc                isr_irq8
                0x100001cc                isr_irq24
                0x100001cc                isr_irq1
                0x100001cc                isr_irq7
                0x100001cc                isr_irq21
                0x100001cc                isr_irq20
                0x100001cc                isr_irq15
                0x100001cc                isr_irq25
                0x100001cc                isr_irq13
                0x100001cc                __unhandled_user_irq
                0x100001cc                isr_irq4
                0x100001cc                isr_irq16
                0x100001cc                isr_irq29
                0x100001cc                isr_irq26
                0x100001cc                __default_isrs_end
                0x100001cc                isr_irq3
                0x100001cc                isr_irq14
                0x100001cc                isr_irq9
                0x100001d2                unhandled_user_irq_num_in_r0
 *(.binary_info_header)
 .binary_info_header
                0x100001d4       0x14 CMakeFiles/picoUartTxInt.dir/C_/Users/m3925/Documents/Pico/pico-sdk/src/rp2_common/pico_standard_link/crt0.S.obj
                0x100001e8                __binary_info_header_end = .
 *(.reset)
 .reset         0x100001e8       0xa8 CMakeFiles/picoUartTxInt.dir/C_/Users/m3925/Documents/Pico/pico-sdk/src/rp2_common/pico_standard_link/crt0.S.obj
                0x100001e8                _entry_point
                0x10000266                __get_current_exception
 .reset         0x10000290       0x30 CMakeFiles/picoUartTxInt.dir/C_/Users/m3925/Documents/Pico/pico-sdk/src/rp2_common/pico_standard_link/binary_info.c.obj
 *(.init)
 .init          0x100002c0        0x4 c:/progra~2/gnuarm~1/102021~1.10/bin/../lib/gcc/arm-none-eabi/10.3.1/thumb/v6-m/nofp/crti.o
                0x100002c0                _init
 *(EXCLUDE_FILE(*libm.a: *libc.a:*lib_a-mem*.o *libgcc.a:) .text*)
 .text          0x100002c4       0x48 c:/progra~2/gnuarm~1/102021~1.10/bin/../lib/gcc/arm-none-eabi/10.3.1/thumb/v6-m/nofp/crtbegin.o
 .text.main     0x1000030c       0x80 CMakeFiles/picoUartTxInt.dir/picoUartTxInt.c.obj
                0x1000030c                main
 .text.uart_ex_init
                0x1000038c       0x30 CMakeFiles/picoUartTxInt.dir/uart_ex.c.obj
                0x1000038c                uart_ex_init
 .text.uart_ex_is_txim
                0x100003bc        0xa CMakeFiles/picoUartTxInt.dir/uart_ex.c.obj
                0x100003bc                uart_ex_is_txim
 .text.uart_ex_non_blocking_putc
                0x100003c6        0xa CMakeFiles/picoUartTxInt.dir/uart_ex.c.obj
                0x100003c6                uart_ex_non_blocking_putc
 .text.on_uart_tx_int
                0x100003d0       0x58 CMakeFiles/picoUartTxInt.dir/uart_ex.c.obj
                0x100003d0                on_uart_tx_int
 .text.uart_ex_send_first_byte
                0x10000428       0x30 CMakeFiles/picoUartTxInt.dir/uart_ex.c.obj
                0x10000428                uart_ex_send_first_byte
 .text.gpio_set_function
                0x10000458       0x30 CMakeFiles/picoUartTxInt.dir/C_/Users/m3925/Documents/Pico/pico-sdk/src/rp2_common/hardware_gpio/gpio.c.obj
                0x10000458                gpio_set_function
 .text.hw_claim_lock
                0x10000488       0x18 CMakeFiles/picoUartTxInt.dir/C_/Users/m3925/Documents/Pico/pico-sdk/src/rp2_common/hardware_claim/claim.c.obj
                0x10000488                hw_claim_lock
 .text.hw_claim_unlock
                0x100004a0       0x14 CMakeFiles/picoUartTxInt.dir/C_/Users/m3925/Documents/Pico/pico-sdk/src/rp2_common/hardware_claim/claim.c.obj
                0x100004a0                hw_claim_unlock
 .text.hw_claim_or_assert
                0x100004b4       0x32 CMakeFiles/picoUartTxInt.dir/C_/Users/m3925/Documents/Pico/pico-sdk/src/rp2_common/hardware_claim/claim.c.obj
                0x100004b4                hw_claim_or_assert
 *fill*         0x100004e6        0x2 
 .text.running_on_fpga
                0x100004e8       0x14 CMakeFiles/picoUartTxInt.dir/C_/Users/m3925/Documents/Pico/pico-sdk/src/rp2_common/pico_platform/platform.c.obj
                0x100004e8                running_on_fpga
 .text.spin_locks_reset
                0x100004fc       0x20 CMakeFiles/picoUartTxInt.dir/C_/Users/m3925/Documents/Pico/pico-sdk/src/rp2_common/hardware_sync/sync.c.obj
                0x100004fc                spin_locks_reset
 .text.next_striped_spin_lock_num
                0x1000051c       0x1c CMakeFiles/picoUartTxInt.dir/C_/Users/m3925/Documents/Pico/pico-sdk/src/rp2_common/hardware_sync/sync.c.obj
                0x1000051c                next_striped_spin_lock_num
 .text.set_raw_irq_handler_and_unlock
                0x10000538       0x28 CMakeFiles/picoUartTxInt.dir/C_/Users/m3925/Documents/Pico/pico-sdk/src/rp2_common/hardware_irq/irq.c.obj
 .text.make_branch
                0x10000560       0x48 CMakeFiles/picoUartTxInt.dir/C_/Users/m3925/Documents/Pico/pico-sdk/src/rp2_common/hardware_irq/irq.c.obj
 .text.insert_branch_and_link
                0x100005a8       0x40 CMakeFiles/picoUartTxInt.dir/C_/Users/m3925/Documents/Pico/pico-sdk/src/rp2_common/hardware_irq/irq.c.obj
 .text.irq_is_enabled
                0x100005e8       0x18 CMakeFiles/picoUartTxInt.dir/C_/Users/m3925/Documents/Pico/pico-sdk/src/rp2_common/hardware_irq/irq.c.obj
                0x100005e8                irq_is_enabled
 .text.irq_set_mask_enabled
                0x10000600       0x20 CMakeFiles/picoUartTxInt.dir/C_/Users/m3925/Documents/Pico/pico-sdk/src/rp2_common/hardware_irq/irq.c.obj
                0x10000600                irq_set_mask_enabled
 .text.irq_set_enabled
                0x10000620        0xe CMakeFiles/picoUartTxInt.dir/C_/Users/m3925/Documents/Pico/pico-sdk/src/rp2_common/hardware_irq/irq.c.obj
                0x10000620                irq_set_enabled
 *fill*         0x1000062e        0x2 
 .text.irq_get_vtable_handler
                0x10000630       0x10 CMakeFiles/picoUartTxInt.dir/C_/Users/m3925/Documents/Pico/pico-sdk/src/rp2_common/hardware_irq/irq.c.obj
                0x10000630                irq_get_vtable_handler
 .text.irq_set_exclusive_handler
                0x10000640       0x54 CMakeFiles/picoUartTxInt.dir/C_/Users/m3925/Documents/Pico/pico-sdk/src/rp2_common/hardware_irq/irq.c.obj
                0x10000640                irq_set_exclusive_handler
 .text.irq_remove_handler
                0x10000694      0x1a8 CMakeFiles/picoUartTxInt.dir/C_/Users/m3925/Documents/Pico/pico-sdk/src/rp2_common/hardware_irq/irq.c.obj
                0x10000694                irq_remove_handler
 .text.irq_add_tail_to_free_list
                0x1000083c       0xf0 CMakeFiles/picoUartTxInt.dir/C_/Users/m3925/Documents/Pico/pico-sdk/src/rp2_common/hardware_irq/irq.c.obj
                0x1000083c                irq_add_tail_to_free_list
 .text.irq_init_priorities
                0x1000092c       0x1c CMakeFiles/picoUartTxInt.dir/C_/Users/m3925/Documents/Pico/pico-sdk/src/rp2_common/hardware_irq/irq.c.obj
                0x1000092c                irq_init_priorities
 .text.lock_init
                0x10000948       0x10 CMakeFiles/picoUartTxInt.dir/C_/Users/m3925/Documents/Pico/pico-sdk/src/common/pico_sync/lock_core.c.obj
                0x10000948                lock_init
 .text.alarm_pool_post_alloc_init
                0x10000958       0x40 CMakeFiles/picoUartTxInt.dir/C_/Users/m3925/Documents/Pico/pico-sdk/src/common/pico_time/time.c.obj
 .text.sleep_until_callback
                0x10000998       0x30 CMakeFiles/picoUartTxInt.dir/C_/Users/m3925/Documents/Pico/pico-sdk/src/common/pico_time/time.c.obj
 .text.timer_pool_entry_comparator
                0x100009c8       0x7c CMakeFiles/picoUartTxInt.dir/C_/Users/m3925/Documents/Pico/pico-sdk/src/common/pico_time/time.c.obj
                0x100009c8                timer_pool_entry_comparator
 .text.ph_add_child_node
                0x10000a44       0xa4 CMakeFiles/picoUartTxInt.dir/C_/Users/m3925/Documents/Pico/pico-sdk/src/common/pico_time/time.c.obj
 .text.ph_merge_nodes
                0x10000ae8       0x3e CMakeFiles/picoUartTxInt.dir/C_/Users/m3925/Documents/Pico/pico-sdk/src/common/pico_time/time.c.obj
 *fill*         0x10000b26        0x2 
 .text.add_alarm_under_lock
                0x10000b28      0x174 CMakeFiles/picoUartTxInt.dir/C_/Users/m3925/Documents/Pico/pico-sdk/src/common/pico_time/time.c.obj
 .text.alarm_pool_alarm_callback
                0x10000c9c      0x328 CMakeFiles/picoUartTxInt.dir/C_/Users/m3925/Documents/Pico/pico-sdk/src/common/pico_time/time.c.obj
 .text.alarm_pool_init_default
                0x10000fc4       0x38 CMakeFiles/picoUartTxInt.dir/C_/Users/m3925/Documents/Pico/pico-sdk/src/common/pico_time/time.c.obj
                0x10000fc4                alarm_pool_init_default
 .text.alarm_pool_get_default
                0x10000ffc       0x2c CMakeFiles/picoUartTxInt.dir/C_/Users/m3925/Documents/Pico/pico-sdk/src/common/pico_time/time.c.obj
                0x10000ffc                alarm_pool_get_default
 .text.alarm_pool_add_alarm_at
                0x10001028      0x170 CMakeFiles/picoUartTxInt.dir/C_/Users/m3925/Documents/Pico/pico-sdk/src/common/pico_time/time.c.obj
                0x10001028                alarm_pool_add_alarm_at
 .text.sleep_until
                0x10001198       0xfc CMakeFiles/picoUartTxInt.dir/C_/Users/m3925/Documents/Pico/pico-sdk/src/common/pico_time/time.c.obj
                0x10001198                sleep_until
 .text.sleep_us
                0x10001294       0x58 CMakeFiles/picoUartTxInt.dir/C_/Users/m3925/Documents/Pico/pico-sdk/src/common/pico_time/time.c.obj
                0x10001294                sleep_us
 .text.sleep_ms
                0x100012ec       0x14 CMakeFiles/picoUartTxInt.dir/C_/Users/m3925/Documents/Pico/pico-sdk/src/common/pico_time/time.c.obj
                0x100012ec                sleep_ms
 .text.hardware_alarm_irq_handler
                0x10001300       0x8c CMakeFiles/picoUartTxInt.dir/C_/Users/m3925/Documents/Pico/pico-sdk/src/rp2_common/hardware_timer/timer.c.obj
 .text.hardware_alarm_claim
                0x1000138c       0x18 CMakeFiles/picoUartTxInt.dir/C_/Users/m3925/Documents/Pico/pico-sdk/src/rp2_common/hardware_timer/timer.c.obj
                0x1000138c                hardware_alarm_claim
 .text.time_us_64
                0x100013a4       0x18 CMakeFiles/picoUartTxInt.dir/C_/Users/m3925/Documents/Pico/pico-sdk/src/rp2_common/hardware_timer/timer.c.obj
                0x100013a4                time_us_64
 .text.busy_wait_until
                0x100013bc       0x28 CMakeFiles/picoUartTxInt.dir/C_/Users/m3925/Documents/Pico/pico-sdk/src/rp2_common/hardware_timer/timer.c.obj
                0x100013bc                busy_wait_until
 .text.hardware_alarm_set_callback
                0x100013e4       0x90 CMakeFiles/picoUartTxInt.dir/C_/Users/m3925/Documents/Pico/pico-sdk/src/rp2_common/hardware_timer/timer.c.obj
                0x100013e4                hardware_alarm_set_callback
 .text.hardware_alarm_set_target
                0x10001474       0xe8 CMakeFiles/picoUartTxInt.dir/C_/Users/m3925/Documents/Pico/pico-sdk/src/rp2_common/hardware_timer/timer.c.obj
                0x10001474                hardware_alarm_set_target
 .text.hardware_alarm_cancel
                0x1000155c       0x40 CMakeFiles/picoUartTxInt.dir/C_/Users/m3925/Documents/Pico/pico-sdk/src/rp2_common/hardware_timer/timer.c.obj
                0x1000155c                hardware_alarm_cancel
 .text.ph_add_child_node
                0x1000159c       0xa4 CMakeFiles/picoUartTxInt.dir/C_/Users/m3925/Documents/Pico/pico-sdk/src/common/pico_util/pheap.c.obj
 .text.ph_merge_nodes
                0x10001640       0x3e CMakeFiles/picoUartTxInt.dir/C_/Users/m3925/Documents/Pico/pico-sdk/src/common/pico_util/pheap.c.obj
 *fill*         0x1000167e        0x2 
 .text.ph_clear
                0x10001680       0x70 CMakeFiles/picoUartTxInt.dir/C_/Users/m3925/Documents/Pico/pico-sdk/src/common/pico_util/pheap.c.obj
                0x10001680                ph_clear
 .text.ph_post_alloc_init
                0x100016f0        0xe CMakeFiles/picoUartTxInt.dir/C_/Users/m3925/Documents/Pico/pico-sdk/src/common/pico_util/pheap.c.obj
                0x100016f0                ph_post_alloc_init
 *fill*         0x100016fe        0x2 
 .text.ph_merge_two_pass
                0x10001700       0xa8 CMakeFiles/picoUartTxInt.dir/C_/Users/m3925/Documents/Pico/pico-sdk/src/common/pico_util/pheap.c.obj
                0x10001700                ph_merge_two_pass
 .text.ph_remove_any_head
                0x100017a8      0x108 CMakeFiles/picoUartTxInt.dir/C_/Users/m3925/Documents/Pico/pico-sdk/src/common/pico_util/pheap.c.obj
 .text.ph_remove_head
                0x100018b0       0x14 CMakeFiles/picoUartTxInt.dir/C_/Users/m3925/Documents/Pico/pico-sdk/src/common/pico_util/pheap.c.obj
                0x100018b0                ph_remove_head
 .text.ph_remove_and_free_node
                0x100018c4       0xf8 CMakeFiles/picoUartTxInt.dir/C_/Users/m3925/Documents/Pico/pico-sdk/src/common/pico_util/pheap.c.obj
                0x100018c4                ph_remove_and_free_node
 .text.mutex_init
                0x100019bc       0x1a CMakeFiles/picoUartTxInt.dir/C_/Users/m3925/Documents/Pico/pico-sdk/src/common/pico_sync/mutex.c.obj
                0x100019bc                mutex_init
 .text.recursive_mutex_init
                0x100019d6       0x1e CMakeFiles/picoUartTxInt.dir/C_/Users/m3925/Documents/Pico/pico-sdk/src/common/pico_sync/mutex.c.obj
                0x100019d6                recursive_mutex_init
 .text.uart_set_baudrate
                0x100019f4       0x5c CMakeFiles/picoUartTxInt.dir/C_/Users/m3925/Documents/Pico/pico-sdk/src/rp2_common/hardware_uart/uart.c.obj
                0x100019f4                uart_set_baudrate
 .text.uart_set_translate_crlf
                0x10001a50       0x28 CMakeFiles/picoUartTxInt.dir/C_/Users/m3925/Documents/Pico/pico-sdk/src/rp2_common/hardware_uart/uart.c.obj
                0x10001a50                uart_set_translate_crlf
 .text.uart_init
                0x10001a78       0x80 CMakeFiles/picoUartTxInt.dir/C_/Users/m3925/Documents/Pico/pico-sdk/src/rp2_common/hardware_uart/uart.c.obj
                0x10001a78                uart_init
 .text._exit    0x10001af8        0x4 CMakeFiles/picoUartTxInt.dir/C_/Users/m3925/Documents/Pico/pico-sdk/src/rp2_common/pico_runtime/runtime.c.obj
                0x10001af8                _exit
 .text.exit     0x10001afc        0x6 CMakeFiles/picoUartTxInt.dir/C_/Users/m3925/Documents/Pico/pico-sdk/src/rp2_common/pico_runtime/runtime.c.obj
                0x10001afc                exit
 *fill*         0x10001b02        0x2 
 .text.__assert_func
                0x10001b04       0x3c CMakeFiles/picoUartTxInt.dir/C_/Users/m3925/Documents/Pico/pico-sdk/src/rp2_common/pico_runtime/runtime.c.obj
                0x10001b04                __assert_func
 .text.runtime_init
                0x10001b40       0xf8 CMakeFiles/picoUartTxInt.dir/C_/Users/m3925/Documents/Pico/pico-sdk/src/rp2_common/pico_runtime/runtime.c.obj
                0x10001b40                runtime_init
 .text.panic    0x10001c38       0x30 CMakeFiles/picoUartTxInt.dir/C_/Users/m3925/Documents/Pico/pico-sdk/src/rp2_common/pico_runtime/runtime.c.obj
                0x10001c38                panic
 .text.clock_configure
                0x10001c68      0x104 CMakeFiles/picoUartTxInt.dir/C_/Users/m3925/Documents/Pico/pico-sdk/src/rp2_common/hardware_clocks/clocks.c.obj
                0x10001c68                clock_configure
 .text.clocks_init
                0x10001d6c      0x100 CMakeFiles/picoUartTxInt.dir/C_/Users/m3925/Documents/Pico/pico-sdk/src/rp2_common/hardware_clocks/clocks.c.obj
                0x10001d6c                clocks_init
 .text.clock_get_hz
                0x10001e6c        0xc CMakeFiles/picoUartTxInt.dir/C_/Users/m3925/Documents/Pico/pico-sdk/src/rp2_common/hardware_clocks/clocks.c.obj
                0x10001e6c                clock_get_hz
 .text.pll_init
                0x10001e78      0x140 CMakeFiles/picoUartTxInt.dir/C_/Users/m3925/Documents/Pico/pico-sdk/src/rp2_common/hardware_pll/pll.c.obj
                0x10001e78                pll_init
 .text.watchdog_start_tick
                0x10001fb8       0x10 CMakeFiles/picoUartTxInt.dir/C_/Users/m3925/Documents/Pico/pico-sdk/src/rp2_common/hardware_watchdog/watchdog.c.obj
                0x10001fb8                watchdog_start_tick
 .text.xosc_init
                0x10001fc8       0x28 CMakeFiles/picoUartTxInt.dir/C_/Users/m3925/Documents/Pico/pico-sdk/src/rp2_common/hardware_xosc/xosc.c.obj
                0x10001fc8                xosc_init
 .text._out_null
                0x10001ff0        0x2 CMakeFiles/picoUartTxInt.dir/C_/Users/m3925/Documents/Pico/pico-sdk/src/rp2_common/pico_printf/printf.c.obj
 .text._out_fct
                0x10001ff2        0xe CMakeFiles/picoUartTxInt.dir/C_/Users/m3925/Documents/Pico/pico-sdk/src/rp2_common/pico_printf/printf.c.obj
 .text._atoi    0x10002000       0x24 CMakeFiles/picoUartTxInt.dir/C_/Users/m3925/Documents/Pico/pico-sdk/src/rp2_common/pico_printf/printf.c.obj
 .text._out_rev
                0x10002024       0xae CMakeFiles/picoUartTxInt.dir/C_/Users/m3925/Documents/Pico/pico-sdk/src/rp2_common/pico_printf/printf.c.obj
 .text._ntoa_format
                0x100020d2      0x112 CMakeFiles/picoUartTxInt.dir/C_/Users/m3925/Documents/Pico/pico-sdk/src/rp2_common/pico_printf/printf.c.obj
 .text._ntoa_long
                0x100021e4       0xbc CMakeFiles/picoUartTxInt.dir/C_/Users/m3925/Documents/Pico/pico-sdk/src/rp2_common/pico_printf/printf.c.obj
 .text._ntoa_long_long
                0x100022a0       0xe2 CMakeFiles/picoUartTxInt.dir/C_/Users/m3925/Documents/Pico/pico-sdk/src/rp2_common/pico_printf/printf.c.obj
 *fill*         0x10002382        0x2 
 .text._etoa    0x10002384      0x414 CMakeFiles/picoUartTxInt.dir/C_/Users/m3925/Documents/Pico/pico-sdk/src/rp2_common/pico_printf/printf.c.obj
 .text._ftoa    0x10002798      0x354 CMakeFiles/picoUartTxInt.dir/C_/Users/m3925/Documents/Pico/pico-sdk/src/rp2_common/pico_printf/printf.c.obj
 .text._vsnprintf
                0x10002aec      0x624 CMakeFiles/picoUartTxInt.dir/C_/Users/m3925/Documents/Pico/pico-sdk/src/rp2_common/pico_printf/printf.c.obj
 .text.vfctprintf
                0x10003110       0x20 CMakeFiles/picoUartTxInt.dir/C_/Users/m3925/Documents/Pico/pico-sdk/src/rp2_common/pico_printf/printf.c.obj
                0x10003110                vfctprintf
 .text          0x10003130       0x10 CMakeFiles/picoUartTxInt.dir/C_/Users/m3925/Documents/Pico/pico-sdk/src/rp2_common/pico_bit_ops/bit_ops_aeabi.S.obj
 .text.rom_func_lookup
                0x10003140       0x10 CMakeFiles/picoUartTxInt.dir/C_/Users/m3925/Documents/Pico/pico-sdk/src/rp2_common/pico_bootrom/bootrom.c.obj
                0x10003140                rom_func_lookup
 .text.rom_data_lookup
                0x10003150       0x10 CMakeFiles/picoUartTxInt.dir/C_/Users/m3925/Documents/Pico/pico-sdk/src/rp2_common/pico_bootrom/bootrom.c.obj
                0x10003150                rom_data_lookup
 .text.rom_funcs_lookup
                0x10003160       0x36 CMakeFiles/picoUartTxInt.dir/C_/Users/m3925/Documents/Pico/pico-sdk/src/rp2_common/pico_bootrom/bootrom.c.obj
                0x10003160                rom_funcs_lookup
 *fill*         0x10003196        0x2 
 .text.__wrap___aeabi_idiv
                0x10003198       0x50 CMakeFiles/picoUartTxInt.dir/C_/Users/m3925/Documents/Pico/pico-sdk/src/rp2_common/pico_divider/divider.S.obj
                0x10003198                __wrap___aeabi_idivmod
                0x10003198                divmod_s32s32
                0x10003198                div_s32s32
                0x10003198                __wrap___aeabi_idiv
                0x100031a0                divmod_s32s32_unsafe
                0x100031cc                divmod_s32s32_savestate
 .text.__wrap___aeabi_uidiv
                0x100031e8       0x4c CMakeFiles/picoUartTxInt.dir/C_/Users/m3925/Documents/Pico/pico-sdk/src/rp2_common/pico_divider/divider.S.obj
                0x100031e8                __wrap___aeabi_uidiv
                0x100031e8                __wrap___aeabi_uidivmod
                0x100031e8                div_u32u32
                0x100031e8                divmod_u32u32
                0x100031f0                divmod_u32u32_unsafe
                0x10003218                divmod_u32u32_savestate
 .text.__wrap___aeabi_ldiv
                0x10003234      0x434 CMakeFiles/picoUartTxInt.dir/C_/Users/m3925/Documents/Pico/pico-sdk/src/rp2_common/pico_divider/divider.S.obj
                0x10003234                div_s64s64
                0x10003234                divmod_s64s64
                0x10003234                __wrap___aeabi_ldivmod
                0x1000326c                divmod_u64u64
                0x1000326c                div_u64u64
                0x1000326c                __wrap___aeabi_uldivmod
                0x1000327c                divmod_u64u64_savestate
                0x100032a4                divmod_s64s64_unsafe
                0x1000332c                divmod_u64u64_unsafe
 .text.__wrap___aeabi_darithmetic
                0x10003668       0x80 CMakeFiles/picoUartTxInt.dir/C_/Users/m3925/Documents/Pico/pico-sdk/src/rp2_common/pico_double/double_aeabi.S.obj
                0x10003668                __wrap___aeabi_drsub
                0x1000366e                __wrap___aeabi_dsub
                0x10003680                __wrap___aeabi_dadd
                0x10003692                __wrap___aeabi_ddiv
                0x100036ce                __wrap___aeabi_dmul
 .text.__wrap___aeabi_cdcmple
                0x100036e8       0x6c CMakeFiles/picoUartTxInt.dir/C_/Users/m3925/Documents/Pico/pico-sdk/src/rp2_common/pico_double/double_aeabi.S.obj
                0x100036e8                __wrap___aeabi_cdrcmple
                0x100036f8                __wrap___aeabi_cdcmpeq
                0x100036f8                __wrap___aeabi_cdcmple
 .text.__wrap___aeabi_dcmplt
                0x10003754        0xc CMakeFiles/picoUartTxInt.dir/C_/Users/m3925/Documents/Pico/pico-sdk/src/rp2_common/pico_double/double_aeabi.S.obj
                0x10003754                __wrap___aeabi_dcmplt
 .text.__wrap___aeabi_dcmple
                0x10003760       0x10 CMakeFiles/picoUartTxInt.dir/C_/Users/m3925/Documents/Pico/pico-sdk/src/rp2_common/pico_double/double_aeabi.S.obj
                0x10003760                __wrap___aeabi_dcmple
 .text.__wrap___aeabi_dcmpge
                0x10003770       0x10 CMakeFiles/picoUartTxInt.dir/C_/Users/m3925/Documents/Pico/pico-sdk/src/rp2_common/pico_double/double_aeabi.S.obj
                0x10003770                __wrap___aeabi_dcmpge
 .text.__wrap___aeabi_dcmpgt
                0x10003780        0xa CMakeFiles/picoUartTxInt.dir/C_/Users/m3925/Documents/Pico/pico-sdk/src/rp2_common/pico_double/double_aeabi.S.obj
                0x10003780                __wrap___aeabi_dcmpgt
 .text.__wrap___aeabi_dcmpun
                0x1000378a       0x1c CMakeFiles/picoUartTxInt.dir/C_/Users/m3925/Documents/Pico/pico-sdk/src/rp2_common/pico_double/double_aeabi.S.obj
                0x1000378a                __wrap___aeabi_dcmpun
 *fill*         0x100037a6        0x2 
 .text.__wrap___aeabi_i2d
                0x100037a8       0x38 CMakeFiles/picoUartTxInt.dir/C_/Users/m3925/Documents/Pico/pico-sdk/src/rp2_common/pico_double/double_aeabi.S.obj
                0x100037a8                __wrap___aeabi_ui2d
                0x100037b0                __wrap___aeabi_i2d
 .text.__wrap___aeabi_d2iz
                0x100037e0       0x48 CMakeFiles/picoUartTxInt.dir/C_/Users/m3925/Documents/Pico/pico-sdk/src/rp2_common/pico_double/double_aeabi.S.obj
                0x100037e0                double2int_z
                0x100037e0                __wrap___aeabi_d2iz
 .text.__wrap___aeabi_d2uiz
                0x10003828       0x18 CMakeFiles/picoUartTxInt.dir/C_/Users/m3925/Documents/Pico/pico-sdk/src/rp2_common/pico_double/double_aeabi.S.obj
                0x10003828                __wrap___aeabi_d2uiz
                0x10003828                double2uint
 .text.__aeabi_double_init
                0x10003840       0xc8 CMakeFiles/picoUartTxInt.dir/C_/Users/m3925/Documents/Pico/pico-sdk/src/rp2_common/pico_double/double_init_rom.c.obj
                0x10003840                __aeabi_double_init
 .text.double_table_shim_on_use_helper
                0x10003908       0x34 CMakeFiles/picoUartTxInt.dir/C_/Users/m3925/Documents/Pico/pico-sdk/src/rp2_common/pico_double/double_v1_rom_shim.S.obj
                0x10003908                double_table_shim_on_use_helper
 .text.__wrap___aeabi_dsub
                0x1000393c       0x10 CMakeFiles/picoUartTxInt.dir/C_/Users/m3925/Documents/Pico/pico-sdk/src/rp2_common/pico_double/double_v1_rom_shim.S.obj
                0x1000393c                drsub_shim
                0x10003942                dsub_shim
 .text.dadd_shim
                0x1000394c      0x15c CMakeFiles/picoUartTxInt.dir/C_/Users/m3925/Documents/Pico/pico-sdk/src/rp2_common/pico_double/double_v1_rom_shim.S.obj
                0x1000394c                dadd_shim
 .text.dmul_shim
                0x10003aa8      0x15c CMakeFiles/picoUartTxInt.dir/C_/Users/m3925/Documents/Pico/pico-sdk/src/rp2_common/pico_double/double_v1_rom_shim.S.obj
                0x10003aa8                dmul_shim
 .text.ddiv_shim
                0x10003c04      0x1b0 CMakeFiles/picoUartTxInt.dir/C_/Users/m3925/Documents/Pico/pico-sdk/src/rp2_common/pico_double/double_v1_rom_shim.S.obj
                0x10003c04                ddiv_shim
 .text.double2uint_shim
                0x10003db4        0xe CMakeFiles/picoUartTxInt.dir/C_/Users/m3925/Documents/Pico/pico-sdk/src/rp2_common/pico_double/double_v1_rom_shim.S.obj
                0x10003db4                double2uint_shim
                0x10003db6                double2ufix_shim
 *fill*         0x10003dc2        0x2 
 .text.double2uint64_shim
                0x10003dc4       0x70 CMakeFiles/picoUartTxInt.dir/C_/Users/m3925/Documents/Pico/pico-sdk/src/rp2_common/pico_double/double_v1_rom_shim.S.obj
                0x10003dc4                double2uint64_shim
                0x10003dc6                double2ufix64_shim
                0x10003de6                d2fix_a
 .text.dunpacks
                0x10003e34       0x3c CMakeFiles/picoUartTxInt.dir/C_/Users/m3925/Documents/Pico/pico-sdk/src/rp2_common/pico_double/double_v1_rom_shim.S.obj
                0x10003e34                dunpacks
 .text.__aeabi_lmul
                0x10003e70       0x32 CMakeFiles/picoUartTxInt.dir/C_/Users/m3925/Documents/Pico/pico-sdk/src/rp2_common/pico_int64_ops/pico_int64_ops_aeabi.S.obj
                0x10003e70                __wrap___aeabi_lmul
 *fill*         0x10003ea2        0x2 
 .text.__aeabi_float_init
                0x10003ea4       0xfc CMakeFiles/picoUartTxInt.dir/C_/Users/m3925/Documents/Pico/pico-sdk/src/rp2_common/pico_float/float_init_rom.c.obj
                0x10003ea4                __aeabi_float_init
 .text.float_table_shim_on_use_helper
                0x10003fa0       0x34 CMakeFiles/picoUartTxInt.dir/C_/Users/m3925/Documents/Pico/pico-sdk/src/rp2_common/pico_float/float_v1_rom_shim.S.obj
                0x10003fa0                float_table_shim_on_use_helper
 .text          0x10003fd4       0x10 CMakeFiles/picoUartTxInt.dir/C_/Users/m3925/Documents/Pico/pico-sdk/src/rp2_common/pico_mem_ops/mem_ops_aeabi.S.obj
                0x10003fd4                __aeabi_mem_init
 .text.memset   0x10003fe4        0xc CMakeFiles/picoUartTxInt.dir/C_/Users/m3925/Documents/Pico/pico-sdk/src/rp2_common/pico_mem_ops/mem_ops_aeabi.S.obj
                0x10003fe4                __wrap_memset
 .text.memcpy   0x10003ff0        0xc CMakeFiles/picoUartTxInt.dir/C_/Users/m3925/Documents/Pico/pico-sdk/src/rp2_common/pico_mem_ops/mem_ops_aeabi.S.obj
                0x10003ff0                __wrap_memcpy
                0x10003ff0                __wrap___aeabi_memcpy
 .text.stdio_out_chars_no_crlf
                0x10003ffc        0xe CMakeFiles/picoUartTxInt.dir/C_/Users/m3925/Documents/Pico/pico-sdk/src/rp2_common/pico_stdio/stdio.c.obj
 *fill*         0x1000400a        0x2 
 .text.stdio_out_chars_crlf
                0x1000400c       0x80 CMakeFiles/picoUartTxInt.dir/C_/Users/m3925/Documents/Pico/pico-sdk/src/rp2_common/pico_stdio/stdio.c.obj
 .text.stdio_stack_buffer_flush
                0x1000408c       0x44 CMakeFiles/picoUartTxInt.dir/C_/Users/m3925/Documents/Pico/pico-sdk/src/rp2_common/pico_stdio/stdio.c.obj
 .text.stdio_buffered_printer
                0x100040d0       0x20 CMakeFiles/picoUartTxInt.dir/C_/Users/m3925/Documents/Pico/pico-sdk/src/rp2_common/pico_stdio/stdio.c.obj
 .text.stdout_serialize_begin
                0x100040f0       0x30 CMakeFiles/picoUartTxInt.dir/C_/Users/m3925/Documents/Pico/pico-sdk/src/rp2_common/pico_stdio/stdio.c.obj
                0x100040f0                stdout_serialize_begin
 .text.stdout_serialize_end
                0x10004120       0x10 CMakeFiles/picoUartTxInt.dir/C_/Users/m3925/Documents/Pico/pico-sdk/src/rp2_common/pico_stdio/stdio.c.obj
                0x10004120                stdout_serialize_end
 .text.stdio_put_string
                0x10004130       0x98 CMakeFiles/picoUartTxInt.dir/C_/Users/m3925/Documents/Pico/pico-sdk/src/rp2_common/pico_stdio/stdio.c.obj
 .text.stdio_flush
                0x100041c8       0x20 CMakeFiles/picoUartTxInt.dir/C_/Users/m3925/Documents/Pico/pico-sdk/src/rp2_common/pico_stdio/stdio.c.obj
                0x100041c8                stdio_flush
 .text.__wrap_puts
                0x100041e8       0x1e CMakeFiles/picoUartTxInt.dir/C_/Users/m3925/Documents/Pico/pico-sdk/src/rp2_common/pico_stdio/stdio.c.obj
                0x100041e8                __wrap_puts
 *fill*         0x10004206        0x2 
 .text.__wrap_vprintf
                0x10004208       0x44 CMakeFiles/picoUartTxInt.dir/C_/Users/m3925/Documents/Pico/pico-sdk/src/rp2_common/pico_stdio/stdio.c.obj
                0x10004208                __wrap_vprintf
 .text.__wrap_printf
                0x1000424c       0x18 CMakeFiles/picoUartTxInt.dir/C_/Users/m3925/Documents/Pico/pico-sdk/src/rp2_common/pico_stdio/stdio.c.obj
                0x1000424c                __wrap_printf
 .text.stdio_init_all
                0x10004264        0x2 CMakeFiles/picoUartTxInt.dir/C_/Users/m3925/Documents/Pico/pico-sdk/src/rp2_common/pico_stdio/stdio.c.obj
                0x10004264                stdio_init_all
 *fill*         0x10004266        0x2 
 .text.strlen   0x10004268       0x5c c:/progra~2/gnuarm~1/102021~1.10/bin/../lib/gcc/arm-none-eabi/10.3.1/../../../../arm-none-eabi/lib/thumb/v6-m/nofp\libg.a(lib_a-strlen-stub.o)
                0x10004268                strlen
 *(.fini)
 .fini          0x100042c4        0x4 c:/progra~2/gnuarm~1/102021~1.10/bin/../lib/gcc/arm-none-eabi/10.3.1/thumb/v6-m/nofp/crti.o
                0x100042c4                _fini
 .fini.__stub   0x100042c8       0x50 linker stubs
 *crtbegin.o(.ctors)
 *crtbegin?.o(.ctors)
 *(EXCLUDE_FILE(*crtend.o *crtend?.o) .ctors)
 *(SORT_BY_NAME(.ctors.*))
 *(.ctors)
 *crtbegin.o(.dtors)
 *crtbegin?.o(.dtors)
 *(EXCLUDE_FILE(*crtend.o *crtend?.o) .dtors)
 *(SORT_BY_NAME(.dtors.*))
 *(.dtors)
 *(.eh_frame*)
 .eh_frame      0x10004318        0x0 c:/progra~2/gnuarm~1/102021~1.10/bin/../lib/gcc/arm-none-eabi/10.3.1/thumb/v6-m/nofp/crtbegin.o
                0x10004318                . = ALIGN (0x4)

.glue_7         0x10004318        0x0
 .glue_7        0x10004318        0x0 linker stubs

.glue_7t        0x10004318        0x0
 .glue_7t       0x10004318        0x0 linker stubs

.vfp11_veneer   0x10004318        0x0
 .vfp11_veneer  0x10004318        0x0 linker stubs

.v4_bx          0x10004318        0x0
 .v4_bx         0x10004318        0x0 linker stubs

.iplt           0x10004318        0x0
 .iplt          0x10004318        0x0 c:/progra~2/gnuarm~1/102021~1.10/bin/../lib/gcc/arm-none-eabi/10.3.1/thumb/v6-m/nofp/crtbegin.o

.rodata         0x10004318      0xf40
 *(EXCLUDE_FILE(*libm.a: *libc.a:*lib_a-mem*.o *libgcc.a:) .rodata*)
 .rodata.uart_ex_init.str1.4
                0x10004318        0xd CMakeFiles/picoUartTxInt.dir/uart_ex.c.obj
 *fill*         0x10004325        0x3 
 .rodata.make_branch.str1.4
                0x10004328       0x79 CMakeFiles/picoUartTxInt.dir/C_/Users/m3925/Documents/Pico/pico-sdk/src/rp2_common/hardware_irq/irq.c.obj
 *fill*         0x100043a1        0x3 
 .rodata.insert_branch_and_link.str1.4
                0x100043a4       0x10 CMakeFiles/picoUartTxInt.dir/C_/Users/m3925/Documents/Pico/pico-sdk/src/rp2_common/hardware_irq/irq.c.obj
 .rodata.irq_set_exclusive_handler.str1.4
                0x100043b4       0x36 CMakeFiles/picoUartTxInt.dir/C_/Users/m3925/Documents/Pico/pico-sdk/src/rp2_common/hardware_irq/irq.c.obj
 *fill*         0x100043ea        0x2 
 .rodata.irq_add_shared_handler.str1.4
                0x100043ec       0xd9 CMakeFiles/picoUartTxInt.dir/C_/Users/m3925/Documents/Pico/pico-sdk/src/rp2_common/hardware_irq/irq.c.obj
 *fill*         0x100044c5        0x3 
 .rodata.irq_remove_handler.str1.4
                0x100044c8       0x2a CMakeFiles/picoUartTxInt.dir/C_/Users/m3925/Documents/Pico/pico-sdk/src/rp2_common/hardware_irq/irq.c.obj
 *fill*         0x100044f2        0x2 
 .rodata.irq_add_tail_to_free_list.str1.4
                0x100044f4       0x3a CMakeFiles/picoUartTxInt.dir/C_/Users/m3925/Documents/Pico/pico-sdk/src/rp2_common/hardware_irq/irq.c.obj
 *fill*         0x1000452e        0x2 
 .rodata.__func__.0
                0x10004530       0x1a CMakeFiles/picoUartTxInt.dir/C_/Users/m3925/Documents/Pico/pico-sdk/src/rp2_common/hardware_irq/irq.c.obj
 *fill*         0x1000454a        0x2 
 .rodata.__func__.1
                0x1000454c       0x17 CMakeFiles/picoUartTxInt.dir/C_/Users/m3925/Documents/Pico/pico-sdk/src/rp2_common/hardware_irq/irq.c.obj
 *fill*         0x10004563        0x1 
 .rodata.__func__.2
                0x10004564       0x13 CMakeFiles/picoUartTxInt.dir/C_/Users/m3925/Documents/Pico/pico-sdk/src/rp2_common/hardware_irq/irq.c.obj
 *fill*         0x10004577        0x1 
 .rodata.__func__.3
                0x10004578        0xc CMakeFiles/picoUartTxInt.dir/C_/Users/m3925/Documents/Pico/pico-sdk/src/rp2_common/hardware_irq/irq.c.obj
 .rodata.__func__.4
                0x10004584        0xf CMakeFiles/picoUartTxInt.dir/C_/Users/m3925/Documents/Pico/pico-sdk/src/rp2_common/hardware_irq/irq.c.obj
 *fill*         0x10004593        0x1 
 .rodata.__func__.6
                0x10004594       0x1a CMakeFiles/picoUartTxInt.dir/C_/Users/m3925/Documents/Pico/pico-sdk/src/rp2_common/hardware_irq/irq.c.obj
 *fill*         0x100045ae        0x2 
 .rodata.repeating_timer_callback.str1.4
                0x100045b0       0x57 CMakeFiles/picoUartTxInt.dir/C_/Users/m3925/Documents/Pico/pico-sdk/src/common/pico_time/time.c.obj
 *fill*         0x10004607        0x1 
 .rodata.alarm_pool_dump_key.str1.4
                0x10004608       0x33 CMakeFiles/picoUartTxInt.dir/C_/Users/m3925/Documents/Pico/pico-sdk/src/common/pico_time/time.c.obj
 *fill*         0x1000463b        0x1 
 .rodata.ph_add_child_node.str1.4
                0x1000463c       0xa2 CMakeFiles/picoUartTxInt.dir/C_/Users/m3925/Documents/Pico/pico-sdk/src/common/pico_time/time.c.obj
 *fill*         0x100046de        0x2 
 .rodata.add_alarm_under_lock.str1.4
                0x100046e0       0x28 CMakeFiles/picoUartTxInt.dir/C_/Users/m3925/Documents/Pico/pico-sdk/src/common/pico_time/time.c.obj
                                 0x2b (size before relaxing)
 .rodata.alarm_pool_alarm_callback.str1.4
                0x10004708       0xf2 CMakeFiles/picoUartTxInt.dir/C_/Users/m3925/Documents/Pico/pico-sdk/src/common/pico_time/time.c.obj
 *fill*         0x100047fa        0x2 
 .rodata.alarm_pool_get_default.str1.4
                0x100047fc       0x21 CMakeFiles/picoUartTxInt.dir/C_/Users/m3925/Documents/Pico/pico-sdk/src/common/pico_time/time.c.obj
 *fill*         0x1000481d        0x3 
 .rodata.sleep_until.str1.4
                0x10004820       0x4d CMakeFiles/picoUartTxInt.dir/C_/Users/m3925/Documents/Pico/pico-sdk/src/common/pico_time/time.c.obj
 *fill*         0x1000486d        0x3 
 .rodata.__func__.10
                0x10004870       0x15 CMakeFiles/picoUartTxInt.dir/C_/Users/m3925/Documents/Pico/pico-sdk/src/common/pico_time/time.c.obj
 *fill*         0x10004885        0x3 
 .rodata.__func__.11
                0x10004888       0x1a CMakeFiles/picoUartTxInt.dir/C_/Users/m3925/Documents/Pico/pico-sdk/src/common/pico_time/time.c.obj
 *fill*         0x100048a2        0x2 
 .rodata.__func__.12
                0x100048a4        0xa CMakeFiles/picoUartTxInt.dir/C_/Users/m3925/Documents/Pico/pico-sdk/src/common/pico_time/time.c.obj
 *fill*         0x100048ae        0x2 
 .rodata.__func__.3
                0x100048b0       0x17 CMakeFiles/picoUartTxInt.dir/C_/Users/m3925/Documents/Pico/pico-sdk/src/common/pico_time/time.c.obj
 *fill*         0x100048c7        0x1 
 .rodata.__func__.4
                0x100048c8       0x12 CMakeFiles/picoUartTxInt.dir/C_/Users/m3925/Documents/Pico/pico-sdk/src/common/pico_time/time.c.obj
 *fill*         0x100048da        0x2 
 .rodata.__func__.5
                0x100048dc        0xd CMakeFiles/picoUartTxInt.dir/C_/Users/m3925/Documents/Pico/pico-sdk/src/common/pico_time/time.c.obj
 *fill*         0x100048e9        0x3 
 .rodata.__func__.6
                0x100048ec       0x12 CMakeFiles/picoUartTxInt.dir/C_/Users/m3925/Documents/Pico/pico-sdk/src/common/pico_time/time.c.obj
 *fill*         0x100048fe        0x2 
 .rodata.__func__.7
                0x10004900        0xf CMakeFiles/picoUartTxInt.dir/C_/Users/m3925/Documents/Pico/pico-sdk/src/common/pico_time/time.c.obj
 *fill*         0x1000490f        0x1 
 .rodata.__func__.8
                0x10004910        0xc CMakeFiles/picoUartTxInt.dir/C_/Users/m3925/Documents/Pico/pico-sdk/src/common/pico_time/time.c.obj
 .rodata.__func__.9
                0x1000491c       0x15 CMakeFiles/picoUartTxInt.dir/C_/Users/m3925/Documents/Pico/pico-sdk/src/common/pico_time/time.c.obj
 *fill*         0x10004931        0x3 
 .rodata.hardware_alarm_claim.str1.4
                0x10004934       0x22 CMakeFiles/picoUartTxInt.dir/C_/Users/m3925/Documents/Pico/pico-sdk/src/rp2_common/hardware_timer/timer.c.obj
 *fill*         0x10004956        0x2 
 .rodata.hardware_alarm_set_target.str1.4
                0x10004958       0x71 CMakeFiles/picoUartTxInt.dir/C_/Users/m3925/Documents/Pico/pico-sdk/src/rp2_common/hardware_timer/timer.c.obj
 *fill*         0x100049c9        0x3 
 .rodata.__func__.0
                0x100049cc       0x1a CMakeFiles/picoUartTxInt.dir/C_/Users/m3925/Documents/Pico/pico-sdk/src/rp2_common/hardware_timer/timer.c.obj
 .rodata.ph_add_child_node.str1.4
                0x100049e6       0xa2 CMakeFiles/picoUartTxInt.dir/C_/Users/m3925/Documents/Pico/pico-sdk/src/common/pico_util/pheap.c.obj
 *fill*         0x100049e6        0x2 
 .rodata.ph_remove_any_head.str1.4
                0x100049e8       0x98 CMakeFiles/picoUartTxInt.dir/C_/Users/m3925/Documents/Pico/pico-sdk/src/common/pico_util/pheap.c.obj
 .rodata.ph_remove_and_free_node.str1.4
                0x10004a80       0x1e CMakeFiles/picoUartTxInt.dir/C_/Users/m3925/Documents/Pico/pico-sdk/src/common/pico_util/pheap.c.obj
                                 0x26 (size before relaxing)
 *fill*         0x10004a9e        0x2 
 .rodata.__func__.0
                0x10004aa0       0x18 CMakeFiles/picoUartTxInt.dir/C_/Users/m3925/Documents/Pico/pico-sdk/src/common/pico_util/pheap.c.obj
 .rodata.__func__.1
                0x10004ab8       0x13 CMakeFiles/picoUartTxInt.dir/C_/Users/m3925/Documents/Pico/pico-sdk/src/common/pico_util/pheap.c.obj
 *fill*         0x10004acb        0x1 
 .rodata.__func__.2
                0x10004acc       0x12 CMakeFiles/picoUartTxInt.dir/C_/Users/m3925/Documents/Pico/pico-sdk/src/common/pico_util/pheap.c.obj
 *fill*         0x10004ade        0x2 
 .rodata.__func__.3
                0x10004ae0        0xc CMakeFiles/picoUartTxInt.dir/C_/Users/m3925/Documents/Pico/pico-sdk/src/common/pico_util/pheap.c.obj
 .rodata.str1.4
                0x10004aec       0x95 CMakeFiles/picoUartTxInt.dir/C_/Users/m3925/Documents/Pico/pico-sdk/src/common/pico_sync/mutex.c.obj
                                0x105 (size before relaxing)
 *fill*         0x10004b81        0x3 
 .rodata.__func__.1
                0x10004b84        0xb CMakeFiles/picoUartTxInt.dir/C_/Users/m3925/Documents/Pico/pico-sdk/src/common/pico_sync/mutex.c.obj
 *fill*         0x10004b8f        0x1 
 .rodata.__assert_func.str1.4
                0x10004b90       0x3f CMakeFiles/picoUartTxInt.dir/C_/Users/m3925/Documents/Pico/pico-sdk/src/rp2_common/pico_runtime/runtime.c.obj
                                 0x43 (size before relaxing)
 *fill*         0x10004bcf        0x1 
 .rodata.runtime_init.str1.4
                0x10004bd0       0x6d CMakeFiles/picoUartTxInt.dir/C_/Users/m3925/Documents/Pico/pico-sdk/src/rp2_common/pico_runtime/runtime.c.obj
 *fill*         0x10004c3d        0x3 
 .rodata.panic.str1.4
                0x10004c40       0x12 CMakeFiles/picoUartTxInt.dir/C_/Users/m3925/Documents/Pico/pico-sdk/src/rp2_common/pico_runtime/runtime.c.obj
 *fill*         0x10004c52        0x2 
 .rodata.__func__.1
                0x10004c54        0xd CMakeFiles/picoUartTxInt.dir/C_/Users/m3925/Documents/Pico/pico-sdk/src/rp2_common/pico_runtime/runtime.c.obj
 *fill*         0x10004c61        0x3 
 .rodata.clock_configure.str1.4
                0x10004c64       0x63 CMakeFiles/picoUartTxInt.dir/C_/Users/m3925/Documents/Pico/pico-sdk/src/rp2_common/hardware_clocks/clocks.c.obj
 *fill*         0x10004cc7        0x1 
 .rodata.__func__.1
                0x10004cc8       0x10 CMakeFiles/picoUartTxInt.dir/C_/Users/m3925/Documents/Pico/pico-sdk/src/rp2_common/hardware_clocks/clocks.c.obj
 .rodata.pll_init.str1.4
                0x10004cd8      0x147 CMakeFiles/picoUartTxInt.dir/C_/Users/m3925/Documents/Pico/pico-sdk/src/rp2_common/hardware_pll/pll.c.obj
 *fill*         0x10004e1f        0x1 
 .rodata.__func__.0
                0x10004e20        0x9 CMakeFiles/picoUartTxInt.dir/C_/Users/m3925/Documents/Pico/pico-sdk/src/rp2_common/hardware_pll/pll.c.obj
 *fill*         0x10004e29        0x3 
 .rodata._ftoa.str1.4
                0x10004e2c       0x15 CMakeFiles/picoUartTxInt.dir/C_/Users/m3925/Documents/Pico/pico-sdk/src/rp2_common/pico_printf/printf.c.obj
 *fill*         0x10004e41        0x3 
 .rodata._vsnprintf
                0x10004e44      0x1e0 CMakeFiles/picoUartTxInt.dir/C_/Users/m3925/Documents/Pico/pico-sdk/src/rp2_common/pico_printf/printf.c.obj
 *fill*         0x10005024        0x4 
 .rodata.pow10.0
                0x10005028       0x50 CMakeFiles/picoUartTxInt.dir/C_/Users/m3925/Documents/Pico/pico-sdk/src/rp2_common/pico_printf/printf.c.obj
 .rodata.__aeabi_double_init.str1.4
                0x10005078       0xb4 CMakeFiles/picoUartTxInt.dir/C_/Users/m3925/Documents/Pico/pico-sdk/src/rp2_common/pico_double/double_init_rom.c.obj
 .rodata.__func__.0
                0x1000512c       0x14 CMakeFiles/picoUartTxInt.dir/C_/Users/m3925/Documents/Pico/pico-sdk/src/rp2_common/pico_double/double_init_rom.c.obj
 .rodata.__aeabi_float_init.str1.4
                0x10005140       0x86 CMakeFiles/picoUartTxInt.dir/C_/Users/m3925/Documents/Pico/pico-sdk/src/rp2_common/pico_float/float_init_rom.c.obj
                                 0x8a (size before relaxing)
 *fill*         0x100051c6        0x2 
 .rodata.__func__.0
                0x100051c8       0x13 CMakeFiles/picoUartTxInt.dir/C_/Users/m3925/Documents/Pico/pico-sdk/src/rp2_common/pico_float/float_init_rom.c.obj
 *fill*         0x100051db        0x1 
 .rodata.str1.4
                0x100051dc       0x48 CMakeFiles/picoUartTxInt.dir/C_/Users/m3925/Documents/Pico/pico-sdk/src/rp2_common/pico_standard_link/binary_info.c.obj
 .rodata.__bi_44
                0x10005224        0xc CMakeFiles/picoUartTxInt.dir/C_/Users/m3925/Documents/Pico/pico-sdk/src/rp2_common/pico_standard_link/binary_info.c.obj
 .rodata.__bi_56
                0x10005230        0xc CMakeFiles/picoUartTxInt.dir/C_/Users/m3925/Documents/Pico/pico-sdk/src/rp2_common/pico_standard_link/binary_info.c.obj
 .rodata.__bi_75
                0x1000523c        0xc CMakeFiles/picoUartTxInt.dir/C_/Users/m3925/Documents/Pico/pico-sdk/src/rp2_common/pico_standard_link/binary_info.c.obj
 .rodata.__bi_81
                0x10005248        0xc CMakeFiles/picoUartTxInt.dir/C_/Users/m3925/Documents/Pico/pico-sdk/src/rp2_common/pico_standard_link/binary_info.c.obj
 .rodata.crlf_str.3
                0x10005254        0x2 CMakeFiles/picoUartTxInt.dir/C_/Users/m3925/Documents/Pico/pico-sdk/src/rp2_common/pico_stdio/stdio.c.obj
                0x10005258                . = ALIGN (0x4)
 *fill*         0x10005256        0x2 
 *(SORT_BY_ALIGNMENT(SORT_BY_NAME(.flashdata*)))
                0x10005258                . = ALIGN (0x4)

.rel.dyn        0x10005258        0x0
 .rel.iplt      0x10005258        0x0 c:/progra~2/gnuarm~1/102021~1.10/bin/../lib/gcc/arm-none-eabi/10.3.1/thumb/v6-m/nofp/crtbegin.o

.ARM.extab
 *(.ARM.extab* .gnu.linkonce.armextab.*)
                0x10005258                __exidx_start = .

.ARM.exidx
 *(.ARM.exidx* .gnu.linkonce.armexidx.*)
                0x10005258                __exidx_end = .
                0x10005258                . = ALIGN (0x4)
                0x10005258                __binary_info_start = .

.binary_info    0x10005258       0x20
 *(.binary_info.keep.*)
 .binary_info.keep.__bi_ptr22
                0x10005258        0x4 CMakeFiles/picoUartTxInt.dir/C_/Users/m3925/Documents/Pico/pico-sdk/src/rp2_common/pico_standard_link/binary_info.c.obj
 .binary_info.keep.__bi_ptr30
                0x1000525c        0x4 CMakeFiles/picoUartTxInt.dir/C_/Users/m3925/Documents/Pico/pico-sdk/src/rp2_common/pico_standard_link/binary_info.c.obj
 .binary_info.keep.__bi_ptr38
                0x10005260        0x4 CMakeFiles/picoUartTxInt.dir/C_/Users/m3925/Documents/Pico/pico-sdk/src/rp2_common/pico_standard_link/binary_info.c.obj
 .binary_info.keep.__bi_ptr44
                0x10005264        0x4 CMakeFiles/picoUartTxInt.dir/C_/Users/m3925/Documents/Pico/pico-sdk/src/rp2_common/pico_standard_link/binary_info.c.obj
 .binary_info.keep.__bi_ptr50
                0x10005268        0x4 CMakeFiles/picoUartTxInt.dir/C_/Users/m3925/Documents/Pico/pico-sdk/src/rp2_common/pico_standard_link/binary_info.c.obj
 .binary_info.keep.__bi_ptr56
                0x1000526c        0x4 CMakeFiles/picoUartTxInt.dir/C_/Users/m3925/Documents/Pico/pico-sdk/src/rp2_common/pico_standard_link/binary_info.c.obj
 .binary_info.keep.__bi_ptr75
                0x10005270        0x4 CMakeFiles/picoUartTxInt.dir/C_/Users/m3925/Documents/Pico/pico-sdk/src/rp2_common/pico_standard_link/binary_info.c.obj
 .binary_info.keep.__bi_ptr81
                0x10005274        0x4 CMakeFiles/picoUartTxInt.dir/C_/Users/m3925/Documents/Pico/pico-sdk/src/rp2_common/pico_standard_link/binary_info.c.obj
 *(.binary_info.*)
                0x10005278                __binary_info_end = .
                0x10005278                . = ALIGN (0x4)
                0x10005278                __etext = .

.ram_vector_table
                0x20000000       0xc0
 *(.ram_vector_table)
 .ram_vector_table
                0x20000000       0xc0 CMakeFiles/picoUartTxInt.dir/C_/Users/m3925/Documents/Pico/pico-sdk/src/rp2_common/pico_runtime/runtime.c.obj
                0x20000000                ram_vector_table

.data           0x200000c0      0x1ac load address 0x10005278
                0x200000c0                __data_start__ = .
 *(vtable)
 *(.time_critical*)
 .time_critical.mutex_enter_blocking
                0x200000c0       0x48 CMakeFiles/picoUartTxInt.dir/C_/Users/m3925/Documents/Pico/pico-sdk/src/common/pico_sync/mutex.c.obj
                0x200000c0                mutex_enter_blocking
 .time_critical.mutex_try_enter
                0x20000108       0x46 CMakeFiles/picoUartTxInt.dir/C_/Users/m3925/Documents/Pico/pico-sdk/src/common/pico_sync/mutex.c.obj
                0x20000108                mutex_try_enter
 *fill*         0x2000014e        0x2 
 .time_critical.mutex_exit
                0x20000150       0x4c CMakeFiles/picoUartTxInt.dir/C_/Users/m3925/Documents/Pico/pico-sdk/src/common/pico_sync/mutex.c.obj
                0x20000150                mutex_exit
 *(.text*)
 .text          0x2000019c        0x4 c:/progra~2/gnuarm~1/102021~1.10/bin/../lib/gcc/arm-none-eabi/10.3.1/thumb/v6-m/nofp\libgcc.a(_dvmd_tls.o)
                0x2000019c                __aeabi_idiv0
                0x2000019c                __aeabi_ldiv0
 .text.__stub   0x200001a0       0x10 linker stubs
                0x200001b0                . = ALIGN (0x4)
 *(.rodata*)
                0x200001b0                . = ALIGN (0x4)
 *(.data*)
 .data.striped_spin_lock_num
                0x200001b0        0x1 CMakeFiles/picoUartTxInt.dir/C_/Users/m3925/Documents/Pico/pico-sdk/src/rp2_common/hardware_sync/sync.c.obj
 *fill*         0x200001b1        0x3 
 .data          0x200001b4       0x48 CMakeFiles/picoUartTxInt.dir/C_/Users/m3925/Documents/Pico/pico-sdk/src/rp2_common/hardware_irq/irq_handler_chain.S.obj
                0x200001b4                irq_handler_chain_slots
                0x200001e4                irq_handler_chain_first_slot
                0x200001ee                irq_handler_chain_remove_tail
 .data.default_alarm_pool
                0x200001fc       0x18 CMakeFiles/picoUartTxInt.dir/C_/Users/m3925/Documents/Pico/pico-sdk/src/common/pico_time/time.c.obj
 .data.default_alarm_pool_heap
                0x20000214       0x10 CMakeFiles/picoUartTxInt.dir/C_/Users/m3925/Documents/Pico/pico-sdk/src/common/pico_time/time.c.obj
 *fill*         0x20000224        0xc 
 .data.aeabi_bits_funcs
                0x20000230       0x10 CMakeFiles/picoUartTxInt.dir/C_/Users/m3925/Documents/Pico/pico-sdk/src/rp2_common/pico_bit_ops/bit_ops_aeabi.S.obj
                0x20000230                aeabi_bits_funcs
                0x20000240                aeabi_bits_funcs_end
 .data.aeabi_mem_funcs
                0x20000240       0x10 CMakeFiles/picoUartTxInt.dir/C_/Users/m3925/Documents/Pico/pico-sdk/src/rp2_common/pico_mem_ops/mem_ops_aeabi.S.obj
                0x20000240                aeabi_mem_funcs
                0x20000250                aeabi_mem_funcs_end
                0x20000250                . = ALIGN (0x4)
 *(.after_data.*)
                0x20000250                . = ALIGN (0x4)
                0x20000250                PROVIDE (__mutex_array_start = .)
 *(SORT_BY_NAME(.mutex_array.*))
 *(.mutex_array)
 .mutex_array   0x20000250        0x8 CMakeFiles/picoUartTxInt.dir/C_/Users/m3925/Documents/Pico/pico-sdk/src/rp2_common/pico_stdio/stdio.c.obj
                0x20000258                PROVIDE (__mutex_array_end = .)
                0x20000258                . = ALIGN (0x4)
                0x20000258                PROVIDE (__preinit_array_start = .)
 *(SORT_BY_NAME(.preinit_array.*))
 .preinit_array.00001
                0x20000258        0x4 CMakeFiles/picoUartTxInt.dir/C_/Users/m3925/Documents/Pico/pico-sdk/src/rp2_common/pico_mem_ops/mem_ops_aeabi.S.obj
 .preinit_array.00010
                0x2000025c        0x4 CMakeFiles/picoUartTxInt.dir/C_/Users/m3925/Documents/Pico/pico-sdk/src/rp2_common/pico_bit_ops/bit_ops_aeabi.S.obj
 .preinit_array.00020
                0x20000260        0x4 CMakeFiles/picoUartTxInt.dir/C_/Users/m3925/Documents/Pico/pico-sdk/src/rp2_common/pico_double/double_aeabi.S.obj
 .preinit_array.00020
                0x20000264        0x4 CMakeFiles/picoUartTxInt.dir/C_/Users/m3925/Documents/Pico/pico-sdk/src/rp2_common/pico_float/float_aeabi.S.obj
 *(.preinit_array)
                0x20000268                PROVIDE (__preinit_array_end = .)
                0x20000268                . = ALIGN (0x4)
                0x20000268                PROVIDE (__init_array_start = .)
 *(SORT_BY_NAME(.init_array.*))
 *(.init_array)
 .init_array    0x20000268        0x4 c:/progra~2/gnuarm~1/102021~1.10/bin/../lib/gcc/arm-none-eabi/10.3.1/thumb/v6-m/nofp/crtbegin.o
                0x2000026c                PROVIDE (__init_array_end = .)
                0x2000026c                . = ALIGN (0x4)
                [!provide]                PROVIDE (__fini_array_start = .)
 *(SORT_BY_NAME(.fini_array.*))
 *(.fini_array)
                [!provide]                PROVIDE (__fini_array_end = .)
 *(.jcr)
                0x2000026c                . = ALIGN (0x4)
                0x2000026c                __data_end__ = .

.igot.plt       0x2000026c        0x0 load address 0x10005424
 .igot.plt      0x2000026c        0x0 c:/progra~2/gnuarm~1/102021~1.10/bin/../lib/gcc/arm-none-eabi/10.3.1/thumb/v6-m/nofp/crtbegin.o

.uninitialized_data
                0x2000026c        0x0 load address 0x10005424
                0x2000026c                . = ALIGN (0x4)
 *(.uninitialized_data*)

.scratch_x      0x20040000        0x0 load address 0x10005424
                0x20040000                __scratch_x_start__ = .
 *(.scratch_x.*)
                0x20040000                . = ALIGN (0x4)
                0x20040000                __scratch_x_end__ = .
                0x10005424                __scratch_x_source__ = LOADADDR (.scratch_x)

.scratch_y      0x20041000        0x0 load address 0x10005424
                0x20041000                __scratch_y_start__ = .
 *(.scratch_y.*)
                0x20041000                . = ALIGN (0x4)
                0x20041000                __scratch_y_end__ = .
                0x10005424                __scratch_y_source__ = LOADADDR (.scratch_y)

.bss            0x20000270      0x7d4
                0x20000270                . = ALIGN (0x4)
                0x20000270                __bss_start__ = .
 *(SORT_BY_ALIGNMENT(SORT_BY_NAME(.bss*)))
 .bss.default_alarm_pool_entries
                0x20000270      0x100 CMakeFiles/picoUartTxInt.dir/C_/Users/m3925/Documents/Pico/pico-sdk/src/common/pico_time/time.c.obj
 .bss           0x20000370       0x1c c:/progra~2/gnuarm~1/102021~1.10/bin/../lib/gcc/arm-none-eabi/10.3.1/thumb/v6-m/nofp/crtbegin.o
 .bss.alarm_callbacks
                0x2000038c       0x10 CMakeFiles/picoUartTxInt.dir/C_/Users/m3925/Documents/Pico/pico-sdk/src/rp2_common/hardware_timer/timer.c.obj
 .bss.configured_freq
                0x2000039c       0x28 CMakeFiles/picoUartTxInt.dir/C_/Users/m3925/Documents/Pico/pico-sdk/src/rp2_common/hardware_clocks/clocks.c.obj
 .bss.default_alarm_pool_entry_ids_high
                0x200003c4       0x10 CMakeFiles/picoUartTxInt.dir/C_/Users/m3925/Documents/Pico/pico-sdk/src/common/pico_time/time.c.obj
 .bss.default_alarm_pool_heap_nodes
                0x200003d4       0x30 CMakeFiles/picoUartTxInt.dir/C_/Users/m3925/Documents/Pico/pico-sdk/src/common/pico_time/time.c.obj
 .bss.drivers   0x20000404        0x4 CMakeFiles/picoUartTxInt.dir/C_/Users/m3925/Documents/Pico/pico-sdk/src/rp2_common/pico_stdio/stdio.c.obj
 .bss.filter    0x20000408        0x4 CMakeFiles/picoUartTxInt.dir/C_/Users/m3925/Documents/Pico/pico-sdk/src/rp2_common/pico_stdio/stdio.c.obj
 .bss.pools     0x2000040c       0x10 CMakeFiles/picoUartTxInt.dir/C_/Users/m3925/Documents/Pico/pico-sdk/src/common/pico_time/time.c.obj
 .bss.sd_table  0x2000041c      0x100 CMakeFiles/picoUartTxInt.dir/C_/Users/m3925/Documents/Pico/pico-sdk/src/rp2_common/pico_double/double_init_rom.c.obj
                0x2000041c                sd_table
 .bss.sf_clz_func
                0x2000051c        0x4 CMakeFiles/picoUartTxInt.dir/C_/Users/m3925/Documents/Pico/pico-sdk/src/rp2_common/pico_double/double_init_rom.c.obj
                0x2000051c                sf_clz_func
 .bss.sf_table  0x20000520      0x100 CMakeFiles/picoUartTxInt.dir/C_/Users/m3925/Documents/Pico/pico-sdk/src/rp2_common/pico_float/float_init_rom.c.obj
                0x20000520                sf_table
 .bss.sleep_notifier
                0x20000620        0x4 CMakeFiles/picoUartTxInt.dir/C_/Users/m3925/Documents/Pico/pico-sdk/src/common/pico_time/time.c.obj
 .bss.target_hi
                0x20000624       0x10 CMakeFiles/picoUartTxInt.dir/C_/Users/m3925/Documents/Pico/pico-sdk/src/rp2_common/hardware_timer/timer.c.obj
 .bss.uart_char_to_line_feed
                0x20000634        0x4 CMakeFiles/picoUartTxInt.dir/C_/Users/m3925/Documents/Pico/pico-sdk/src/rp2_common/hardware_uart/uart.c.obj
                0x20000634                uart_char_to_line_feed
 .bss.ut        0x20000638      0x408 CMakeFiles/picoUartTxInt.dir/uart_ex.c.obj
                0x20000638                ut
 .bss.claimed   0x20000a40        0x1 CMakeFiles/picoUartTxInt.dir/C_/Users/m3925/Documents/Pico/pico-sdk/src/rp2_common/hardware_timer/timer.c.obj
 .bss.irq_hander_chain_free_slot_head
                0x20000a41        0x1 CMakeFiles/picoUartTxInt.dir/C_/Users/m3925/Documents/Pico/pico-sdk/src/rp2_common/hardware_irq/irq.c.obj
 .bss.timer_callbacks_pending
                0x20000a42        0x1 CMakeFiles/picoUartTxInt.dir/C_/Users/m3925/Documents/Pico/pico-sdk/src/rp2_common/hardware_timer/timer.c.obj
 *(COMMON)
                0x20000a44                . = ALIGN (0x4)
 *fill*         0x20000a43        0x1 
                0x20000a44                __bss_end__ = .

.heap           0x20000a44      0x800
                0x20000a44                __end__ = .
                0x20000a44                end = __end__
 *(.heap*)
 .heap          0x20000a44      0x800 CMakeFiles/picoUartTxInt.dir/C_/Users/m3925/Documents/Pico/pico-sdk/src/rp2_common/pico_standard_link/crt0.S.obj
                0x20001244                __HeapLimit = .

.stack1_dummy   0x20040000        0x0
 *(.stack1*)

.stack_dummy    0x20041000      0x800
 *(.stack*)
 .stack         0x20041000      0x800 CMakeFiles/picoUartTxInt.dir/C_/Users/m3925/Documents/Pico/pico-sdk/src/rp2_common/pico_standard_link/crt0.S.obj

.flash_end      0x10005424        0x0
                0x10005424                __flash_binary_end = .
                0x20040000                __StackLimit = (ORIGIN (RAM) + LENGTH (RAM))
                0x20041000                __StackOneTop = (ORIGIN (SCRATCH_X) + LENGTH (SCRATCH_X))
                0x20042000                __StackTop = (ORIGIN (SCRATCH_Y) + LENGTH (SCRATCH_Y))
                0x20041000                __StackOneBottom = (__StackOneTop - SIZEOF (.stack1_dummy))
                0x20041800                __StackBottom = (__StackTop - SIZEOF (.stack_dummy))
                0x20042000                PROVIDE (__stack = __StackTop)
                0x00000001                ASSERT ((__StackLimit >= __HeapLimit), region RAM overflowed)
                0x00000001                ASSERT (((__binary_info_header_end - __logical_binary_start) <= 0x100), Binary info must be in first 256 bytes of the binary)
LOAD CMakeFiles/picoUartTxInt.dir/picoUartTxInt.c.obj
LOAD CMakeFiles/picoUartTxInt.dir/uart_ex.c.obj
LOAD CMakeFiles/picoUartTxInt.dir/C_/Users/m3925/Documents/Pico/pico-sdk/src/rp2_common/pico_stdlib/stdlib.c.obj
LOAD CMakeFiles/picoUartTxInt.dir/C_/Users/m3925/Documents/Pico/pico-sdk/src/rp2_common/hardware_gpio/gpio.c.obj
LOAD CMakeFiles/picoUartTxInt.dir/C_/Users/m3925/Documents/Pico/pico-sdk/src/rp2_common/hardware_claim/claim.c.obj
LOAD CMakeFiles/picoUartTxInt.dir/C_/Users/m3925/Documents/Pico/pico-sdk/src/rp2_common/pico_platform/platform.c.obj
LOAD CMakeFiles/picoUartTxInt.dir/C_/Users/m3925/Documents/Pico/pico-sdk/src/rp2_common/hardware_sync/sync.c.obj
LOAD CMakeFiles/picoUartTxInt.dir/C_/Users/m3925/Documents/Pico/pico-sdk/src/rp2_common/hardware_irq/irq.c.obj
LOAD CMakeFiles/picoUartTxInt.dir/C_/Users/m3925/Documents/Pico/pico-sdk/src/rp2_common/hardware_irq/irq_handler_chain.S.obj
LOAD CMakeFiles/picoUartTxInt.dir/C_/Users/m3925/Documents/Pico/pico-sdk/src/common/pico_sync/sem.c.obj
LOAD CMakeFiles/picoUartTxInt.dir/C_/Users/m3925/Documents/Pico/pico-sdk/src/common/pico_sync/lock_core.c.obj
LOAD CMakeFiles/picoUartTxInt.dir/C_/Users/m3925/Documents/Pico/pico-sdk/src/common/pico_time/time.c.obj
LOAD CMakeFiles/picoUartTxInt.dir/C_/Users/m3925/Documents/Pico/pico-sdk/src/common/pico_time/timeout_helper.c.obj
LOAD CMakeFiles/picoUartTxInt.dir/C_/Users/m3925/Documents/Pico/pico-sdk/src/rp2_common/hardware_timer/timer.c.obj
LOAD CMakeFiles/picoUartTxInt.dir/C_/Users/m3925/Documents/Pico/pico-sdk/src/common/pico_util/datetime.c.obj
LOAD CMakeFiles/picoUartTxInt.dir/C_/Users/m3925/Documents/Pico/pico-sdk/src/common/pico_util/pheap.c.obj
LOAD CMakeFiles/picoUartTxInt.dir/C_/Users/m3925/Documents/Pico/pico-sdk/src/common/pico_util/queue.c.obj
LOAD CMakeFiles/picoUartTxInt.dir/C_/Users/m3925/Documents/Pico/pico-sdk/src/common/pico_sync/mutex.c.obj
LOAD CMakeFiles/picoUartTxInt.dir/C_/Users/m3925/Documents/Pico/pico-sdk/src/common/pico_sync/critical_section.c.obj
LOAD CMakeFiles/picoUartTxInt.dir/C_/Users/m3925/Documents/Pico/pico-sdk/src/rp2_common/hardware_uart/uart.c.obj
LOAD CMakeFiles/picoUartTxInt.dir/C_/Users/m3925/Documents/Pico/pico-sdk/src/rp2_common/hardware_divider/divider.S.obj
LOAD CMakeFiles/picoUartTxInt.dir/C_/Users/m3925/Documents/Pico/pico-sdk/src/rp2_common/pico_runtime/runtime.c.obj
LOAD CMakeFiles/picoUartTxInt.dir/C_/Users/m3925/Documents/Pico/pico-sdk/src/rp2_common/hardware_clocks/clocks.c.obj
LOAD CMakeFiles/picoUartTxInt.dir/C_/Users/m3925/Documents/Pico/pico-sdk/src/rp2_common/hardware_pll/pll.c.obj
LOAD CMakeFiles/picoUartTxInt.dir/C_/Users/m3925/Documents/Pico/pico-sdk/src/rp2_common/hardware_vreg/vreg.c.obj
LOAD CMakeFiles/picoUartTxInt.dir/C_/Users/m3925/Documents/Pico/pico-sdk/src/rp2_common/hardware_watchdog/watchdog.c.obj
LOAD CMakeFiles/picoUartTxInt.dir/C_/Users/m3925/Documents/Pico/pico-sdk/src/rp2_common/hardware_xosc/xosc.c.obj
LOAD CMakeFiles/picoUartTxInt.dir/C_/Users/m3925/Documents/Pico/pico-sdk/src/rp2_common/pico_printf/printf.c.obj
LOAD CMakeFiles/picoUartTxInt.dir/C_/Users/m3925/Documents/Pico/pico-sdk/src/rp2_common/pico_bit_ops/bit_ops_aeabi.S.obj
LOAD CMakeFiles/picoUartTxInt.dir/C_/Users/m3925/Documents/Pico/pico-sdk/src/rp2_common/pico_bootrom/bootrom.c.obj
LOAD CMakeFiles/picoUartTxInt.dir/C_/Users/m3925/Documents/Pico/pico-sdk/src/rp2_common/pico_divider/divider.S.obj
LOAD CMakeFiles/picoUartTxInt.dir/C_/Users/m3925/Documents/Pico/pico-sdk/src/rp2_common/pico_double/double_aeabi.S.obj
LOAD CMakeFiles/picoUartTxInt.dir/C_/Users/m3925/Documents/Pico/pico-sdk/src/rp2_common/pico_double/double_init_rom.c.obj
LOAD CMakeFiles/picoUartTxInt.dir/C_/Users/m3925/Documents/Pico/pico-sdk/src/rp2_common/pico_double/double_math.c.obj
LOAD CMakeFiles/picoUartTxInt.dir/C_/Users/m3925/Documents/Pico/pico-sdk/src/rp2_common/pico_double/double_v1_rom_shim.S.obj
LOAD CMakeFiles/picoUartTxInt.dir/C_/Users/m3925/Documents/Pico/pico-sdk/src/rp2_common/pico_int64_ops/pico_int64_ops_aeabi.S.obj
LOAD CMakeFiles/picoUartTxInt.dir/C_/Users/m3925/Documents/Pico/pico-sdk/src/rp2_common/pico_float/float_aeabi.S.obj
LOAD CMakeFiles/picoUartTxInt.dir/C_/Users/m3925/Documents/Pico/pico-sdk/src/rp2_common/pico_float/float_init_rom.c.obj
LOAD CMakeFiles/picoUartTxInt.dir/C_/Users/m3925/Documents/Pico/pico-sdk/src/rp2_common/pico_float/float_math.c.obj
LOAD CMakeFiles/picoUartTxInt.dir/C_/Users/m3925/Documents/Pico/pico-sdk/src/rp2_common/pico_float/float_v1_rom_shim.S.obj
LOAD CMakeFiles/picoUartTxInt.dir/C_/Users/m3925/Documents/Pico/pico-sdk/src/rp2_common/pico_malloc/pico_malloc.c.obj
LOAD CMakeFiles/picoUartTxInt.dir/C_/Users/m3925/Documents/Pico/pico-sdk/src/rp2_common/pico_mem_ops/mem_ops_aeabi.S.obj
LOAD CMakeFiles/picoUartTxInt.dir/C_/Users/m3925/Documents/Pico/pico-sdk/src/rp2_common/pico_standard_link/crt0.S.obj
LOAD CMakeFiles/picoUartTxInt.dir/C_/Users/m3925/Documents/Pico/pico-sdk/src/rp2_common/pico_standard_link/new_delete.cpp.obj
LOAD CMakeFiles/picoUartTxInt.dir/C_/Users/m3925/Documents/Pico/pico-sdk/src/rp2_common/pico_standard_link/binary_info.c.obj
LOAD CMakeFiles/picoUartTxInt.dir/C_/Users/m3925/Documents/Pico/pico-sdk/src/rp2_common/pico_stdio/stdio.c.obj
LOAD C:\Users\m3925\AppData\Local\Temp\ccUu3ByM.o
LOAD c:/progra~2/gnuarm~1/102021~1.10/bin/../lib/gcc/arm-none-eabi/10.3.1/../../../../arm-none-eabi/lib/thumb/v6-m/nofp\libstdc++.a
LOAD c:/progra~2/gnuarm~1/102021~1.10/bin/../lib/gcc/arm-none-eabi/10.3.1/../../../../arm-none-eabi/lib/thumb/v6-m/nofp\libm.a
START GROUP
LOAD c:/progra~2/gnuarm~1/102021~1.10/bin/../lib/gcc/arm-none-eabi/10.3.1/thumb/v6-m/nofp\libgcc.a
LOAD c:/progra~2/gnuarm~1/102021~1.10/bin/../lib/gcc/arm-none-eabi/10.3.1/../../../../arm-none-eabi/lib/thumb/v6-m/nofp\libg.a
LOAD c:/progra~2/gnuarm~1/102021~1.10/bin/../lib/gcc/arm-none-eabi/10.3.1/../../../../arm-none-eabi/lib/thumb/v6-m/nofp\libc.a
END GROUP
START GROUP
LOAD c:/progra~2/gnuarm~1/102021~1.10/bin/../lib/gcc/arm-none-eabi/10.3.1/thumb/v6-m/nofp\libgcc.a
LOAD c:/progra~2/gnuarm~1/102021~1.10/bin/../lib/gcc/arm-none-eabi/10.3.1/../../../../arm-none-eabi/lib/thumb/v6-m/nofp\libc.a
LOAD c:/progra~2/gnuarm~1/102021~1.10/bin/../lib/gcc/arm-none-eabi/10.3.1/../../../../arm-none-eabi/lib/thumb/v6-m/nofp\libnosys.a
END GROUP
LOAD c:/progra~2/gnuarm~1/102021~1.10/bin/../lib/gcc/arm-none-eabi/10.3.1/thumb/v6-m/nofp/crtend.o
LOAD c:/progra~2/gnuarm~1/102021~1.10/bin/../lib/gcc/arm-none-eabi/10.3.1/thumb/v6-m/nofp/crtn.o
OUTPUT(picoUartTxInt.elf elf32-littlearm)
LOAD linker stubs

.ARM.attributes
                0x00000000       0x28
 .ARM.attributes
                0x00000000       0x1e c:/progra~2/gnuarm~1/102021~1.10/bin/../lib/gcc/arm-none-eabi/10.3.1/thumb/v6-m/nofp/crti.o
 .ARM.attributes
                0x0000001e       0x2c c:/progra~2/gnuarm~1/102021~1.10/bin/../lib/gcc/arm-none-eabi/10.3.1/thumb/v6-m/nofp/crtbegin.o
 .ARM.attributes
                0x0000004a       0x2c CMakeFiles/picoUartTxInt.dir/picoUartTxInt.c.obj
 .ARM.attributes
                0x00000076       0x2c CMakeFiles/picoUartTxInt.dir/uart_ex.c.obj
 .ARM.attributes
                0x000000a2       0x2c CMakeFiles/picoUartTxInt.dir/C_/Users/m3925/Documents/Pico/pico-sdk/src/rp2_common/hardware_gpio/gpio.c.obj
 .ARM.attributes
                0x000000ce       0x2c CMakeFiles/picoUartTxInt.dir/C_/Users/m3925/Documents/Pico/pico-sdk/src/rp2_common/hardware_claim/claim.c.obj
 .ARM.attributes
                0x000000fa       0x2c CMakeFiles/picoUartTxInt.dir/C_/Users/m3925/Documents/Pico/pico-sdk/src/rp2_common/pico_platform/platform.c.obj
 .ARM.attributes
                0x00000126       0x2c CMakeFiles/picoUartTxInt.dir/C_/Users/m3925/Documents/Pico/pico-sdk/src/rp2_common/hardware_sync/sync.c.obj
 .ARM.attributes
                0x00000152       0x2c CMakeFiles/picoUartTxInt.dir/C_/Users/m3925/Documents/Pico/pico-sdk/src/rp2_common/hardware_irq/irq.c.obj
 .ARM.attributes
                0x0000017e       0x22 CMakeFiles/picoUartTxInt.dir/C_/Users/m3925/Documents/Pico/pico-sdk/src/rp2_common/hardware_irq/irq_handler_chain.S.obj
 .ARM.attributes
                0x000001a0       0x2c CMakeFiles/picoUartTxInt.dir/C_/Users/m3925/Documents/Pico/pico-sdk/src/common/pico_sync/lock_core.c.obj
 .ARM.attributes
                0x000001cc       0x2c CMakeFiles/picoUartTxInt.dir/C_/Users/m3925/Documents/Pico/pico-sdk/src/common/pico_time/time.c.obj
 .ARM.attributes
                0x000001f8       0x2c CMakeFiles/picoUartTxInt.dir/C_/Users/m3925/Documents/Pico/pico-sdk/src/rp2_common/hardware_timer/timer.c.obj
 .ARM.attributes
                0x00000224       0x2c CMakeFiles/picoUartTxInt.dir/C_/Users/m3925/Documents/Pico/pico-sdk/src/common/pico_util/pheap.c.obj
 .ARM.attributes
                0x00000250       0x2c CMakeFiles/picoUartTxInt.dir/C_/Users/m3925/Documents/Pico/pico-sdk/src/common/pico_sync/mutex.c.obj
 .ARM.attributes
                0x0000027c       0x2c CMakeFiles/picoUartTxInt.dir/C_/Users/m3925/Documents/Pico/pico-sdk/src/rp2_common/hardware_uart/uart.c.obj
 .ARM.attributes
                0x000002a8       0x2c CMakeFiles/picoUartTxInt.dir/C_/Users/m3925/Documents/Pico/pico-sdk/src/rp2_common/pico_runtime/runtime.c.obj
 .ARM.attributes
                0x000002d4       0x2c CMakeFiles/picoUartTxInt.dir/C_/Users/m3925/Documents/Pico/pico-sdk/src/rp2_common/hardware_clocks/clocks.c.obj
 .ARM.attributes
                0x00000300       0x2c CMakeFiles/picoUartTxInt.dir/C_/Users/m3925/Documents/Pico/pico-sdk/src/rp2_common/hardware_pll/pll.c.obj
 .ARM.attributes
                0x0000032c       0x2c CMakeFiles/picoUartTxInt.dir/C_/Users/m3925/Documents/Pico/pico-sdk/src/rp2_common/hardware_watchdog/watchdog.c.obj
 .ARM.attributes
                0x00000358       0x2c CMakeFiles/picoUartTxInt.dir/C_/Users/m3925/Documents/Pico/pico-sdk/src/rp2_common/hardware_xosc/xosc.c.obj
 .ARM.attributes
                0x00000384       0x2c CMakeFiles/picoUartTxInt.dir/C_/Users/m3925/Documents/Pico/pico-sdk/src/rp2_common/pico_printf/printf.c.obj
 .ARM.attributes
                0x000003b0       0x22 CMakeFiles/picoUartTxInt.dir/C_/Users/m3925/Documents/Pico/pico-sdk/src/rp2_common/pico_bit_ops/bit_ops_aeabi.S.obj
 .ARM.attributes
                0x000003d2       0x2c CMakeFiles/picoUartTxInt.dir/C_/Users/m3925/Documents/Pico/pico-sdk/src/rp2_common/pico_bootrom/bootrom.c.obj
 .ARM.attributes
                0x000003fe       0x22 CMakeFiles/picoUartTxInt.dir/C_/Users/m3925/Documents/Pico/pico-sdk/src/rp2_common/pico_divider/divider.S.obj
 .ARM.attributes
                0x00000420       0x22 CMakeFiles/picoUartTxInt.dir/C_/Users/m3925/Documents/Pico/pico-sdk/src/rp2_common/pico_double/double_aeabi.S.obj
 .ARM.attributes
                0x00000442       0x2c CMakeFiles/picoUartTxInt.dir/C_/Users/m3925/Documents/Pico/pico-sdk/src/rp2_common/pico_double/double_init_rom.c.obj
 .ARM.attributes
                0x0000046e       0x22 CMakeFiles/picoUartTxInt.dir/C_/Users/m3925/Documents/Pico/pico-sdk/src/rp2_common/pico_double/double_v1_rom_shim.S.obj
 .ARM.attributes
                0x00000490       0x22 CMakeFiles/picoUartTxInt.dir/C_/Users/m3925/Documents/Pico/pico-sdk/src/rp2_common/pico_int64_ops/pico_int64_ops_aeabi.S.obj
 .ARM.attributes
                0x000004b2       0x22 CMakeFiles/picoUartTxInt.dir/C_/Users/m3925/Documents/Pico/pico-sdk/src/rp2_common/pico_float/float_aeabi.S.obj
 .ARM.attributes
                0x000004d4       0x2c CMakeFiles/picoUartTxInt.dir/C_/Users/m3925/Documents/Pico/pico-sdk/src/rp2_common/pico_float/float_init_rom.c.obj
 .ARM.attributes
                0x00000500       0x22 CMakeFiles/picoUartTxInt.dir/C_/Users/m3925/Documents/Pico/pico-sdk/src/rp2_common/pico_float/float_v1_rom_shim.S.obj
 .ARM.attributes
                0x00000522       0x22 CMakeFiles/picoUartTxInt.dir/C_/Users/m3925/Documents/Pico/pico-sdk/src/rp2_common/pico_mem_ops/mem_ops_aeabi.S.obj
 .ARM.attributes
                0x00000544       0x22 CMakeFiles/picoUartTxInt.dir/C_/Users/m3925/Documents/Pico/pico-sdk/src/rp2_common/pico_standard_link/crt0.S.obj
 .ARM.attributes
                0x00000566       0x2c CMakeFiles/picoUartTxInt.dir/C_/Users/m3925/Documents/Pico/pico-sdk/src/rp2_common/pico_standard_link/binary_info.c.obj
 .ARM.attributes
                0x00000592       0x2c CMakeFiles/picoUartTxInt.dir/C_/Users/m3925/Documents/Pico/pico-sdk/src/rp2_common/pico_stdio/stdio.c.obj
 .ARM.attributes
                0x000005be       0x22 C:\Users\m3925\AppData\Local\Temp\ccUu3ByM.o
 .ARM.attributes
                0x000005e0       0x1e c:/progra~2/gnuarm~1/102021~1.10/bin/../lib/gcc/arm-none-eabi/10.3.1/thumb/v6-m/nofp\libgcc.a(_dvmd_tls.o)
 .ARM.attributes
                0x000005fe       0x2c c:/progra~2/gnuarm~1/102021~1.10/bin/../lib/gcc/arm-none-eabi/10.3.1/../../../../arm-none-eabi/lib/thumb/v6-m/nofp\libg.a(lib_a-strlen-stub.o)

.comment        0x00000000       0x49
 .comment       0x00000000       0x49 CMakeFiles/picoUartTxInt.dir/picoUartTxInt.c.obj
                                 0x4a (size before relaxing)
 .comment       0x00000049       0x4a CMakeFiles/picoUartTxInt.dir/uart_ex.c.obj
 .comment       0x00000049       0x4a CMakeFiles/picoUartTxInt.dir/C_/Users/m3925/Documents/Pico/pico-sdk/src/rp2_common/hardware_gpio/gpio.c.obj
 .comment       0x00000049       0x4a CMakeFiles/picoUartTxInt.dir/C_/Users/m3925/Documents/Pico/pico-sdk/src/rp2_common/hardware_claim/claim.c.obj
 .comment       0x00000049       0x4a CMakeFiles/picoUartTxInt.dir/C_/Users/m3925/Documents/Pico/pico-sdk/src/rp2_common/pico_platform/platform.c.obj
 .comment       0x00000049       0x4a CMakeFiles/picoUartTxInt.dir/C_/Users/m3925/Documents/Pico/pico-sdk/src/rp2_common/hardware_sync/sync.c.obj
 .comment       0x00000049       0x4a CMakeFiles/picoUartTxInt.dir/C_/Users/m3925/Documents/Pico/pico-sdk/src/rp2_common/hardware_irq/irq.c.obj
 .comment       0x00000049       0x4a CMakeFiles/picoUartTxInt.dir/C_/Users/m3925/Documents/Pico/pico-sdk/src/common/pico_sync/lock_core.c.obj
 .comment       0x00000049       0x4a CMakeFiles/picoUartTxInt.dir/C_/Users/m3925/Documents/Pico/pico-sdk/src/common/pico_time/time.c.obj
 .comment       0x00000049       0x4a CMakeFiles/picoUartTxInt.dir/C_/Users/m3925/Documents/Pico/pico-sdk/src/rp2_common/hardware_timer/timer.c.obj
 .comment       0x00000049       0x4a CMakeFiles/picoUartTxInt.dir/C_/Users/m3925/Documents/Pico/pico-sdk/src/common/pico_util/pheap.c.obj
 .comment       0x00000049       0x4a CMakeFiles/picoUartTxInt.dir/C_/Users/m3925/Documents/Pico/pico-sdk/src/common/pico_sync/mutex.c.obj
 .comment       0x00000049       0x4a CMakeFiles/picoUartTxInt.dir/C_/Users/m3925/Documents/Pico/pico-sdk/src/rp2_common/hardware_uart/uart.c.obj
 .comment       0x00000049       0x4a CMakeFiles/picoUartTxInt.dir/C_/Users/m3925/Documents/Pico/pico-sdk/src/rp2_common/pico_runtime/runtime.c.obj
 .comment       0x00000049       0x4a CMakeFiles/picoUartTxInt.dir/C_/Users/m3925/Documents/Pico/pico-sdk/src/rp2_common/hardware_clocks/clocks.c.obj
 .comment       0x00000049       0x4a CMakeFiles/picoUartTxInt.dir/C_/Users/m3925/Documents/Pico/pico-sdk/src/rp2_common/hardware_pll/pll.c.obj
 .comment       0x00000049       0x4a CMakeFiles/picoUartTxInt.dir/C_/Users/m3925/Documents/Pico/pico-sdk/src/rp2_common/hardware_watchdog/watchdog.c.obj
 .comment       0x00000049       0x4a CMakeFiles/picoUartTxInt.dir/C_/Users/m3925/Documents/Pico/pico-sdk/src/rp2_common/hardware_xosc/xosc.c.obj
 .comment       0x00000049       0x4a CMakeFiles/picoUartTxInt.dir/C_/Users/m3925/Documents/Pico/pico-sdk/src/rp2_common/pico_printf/printf.c.obj
 .comment       0x00000049       0x4a CMakeFiles/picoUartTxInt.dir/C_/Users/m3925/Documents/Pico/pico-sdk/src/rp2_common/pico_bootrom/bootrom.c.obj
 .comment       0x00000049       0x4a CMakeFiles/picoUartTxInt.dir/C_/Users/m3925/Documents/Pico/pico-sdk/src/rp2_common/pico_double/double_init_rom.c.obj
 .comment       0x00000049       0x4a CMakeFiles/picoUartTxInt.dir/C_/Users/m3925/Documents/Pico/pico-sdk/src/rp2_common/pico_float/float_init_rom.c.obj
 .comment       0x00000049       0x4a CMakeFiles/picoUartTxInt.dir/C_/Users/m3925/Documents/Pico/pico-sdk/src/rp2_common/pico_standard_link/binary_info.c.obj
 .comment       0x00000049       0x4a CMakeFiles/picoUartTxInt.dir/C_/Users/m3925/Documents/Pico/pico-sdk/src/rp2_common/pico_stdio/stdio.c.obj

.debug_info     0x00000000    0x138ee
 .debug_info    0x00000000      0x704 CMakeFiles/picoUartTxInt.dir/picoUartTxInt.c.obj
 .debug_info    0x00000704      0x536 CMakeFiles/picoUartTxInt.dir/uart_ex.c.obj
 .debug_info    0x00000c3a     0x16d7 CMakeFiles/picoUartTxInt.dir/C_/Users/m3925/Documents/Pico/pico-sdk/src/rp2_common/hardware_gpio/gpio.c.obj
 .debug_info    0x00002311      0x6bb CMakeFiles/picoUartTxInt.dir/C_/Users/m3925/Documents/Pico/pico-sdk/src/rp2_common/hardware_claim/claim.c.obj
 .debug_info    0x000029cc      0x1e3 CMakeFiles/picoUartTxInt.dir/C_/Users/m3925/Documents/Pico/pico-sdk/src/rp2_common/pico_platform/platform.c.obj
 .debug_info    0x00002baf      0x58e CMakeFiles/picoUartTxInt.dir/C_/Users/m3925/Documents/Pico/pico-sdk/src/rp2_common/hardware_sync/sync.c.obj
 .debug_info    0x0000313d     0x1c49 CMakeFiles/picoUartTxInt.dir/C_/Users/m3925/Documents/Pico/pico-sdk/src/rp2_common/hardware_irq/irq.c.obj
 .debug_info    0x00004d86      0x1a4 CMakeFiles/picoUartTxInt.dir/C_/Users/m3925/Documents/Pico/pico-sdk/src/common/pico_sync/lock_core.c.obj
 .debug_info    0x00004f2a     0x3b3b CMakeFiles/picoUartTxInt.dir/C_/Users/m3925/Documents/Pico/pico-sdk/src/common/pico_time/time.c.obj
 .debug_info    0x00008a65     0x1134 CMakeFiles/picoUartTxInt.dir/C_/Users/m3925/Documents/Pico/pico-sdk/src/rp2_common/hardware_timer/timer.c.obj
 .debug_info    0x00009b99     0x120c CMakeFiles/picoUartTxInt.dir/C_/Users/m3925/Documents/Pico/pico-sdk/src/common/pico_util/pheap.c.obj
 .debug_info    0x0000ada5     0x2022 CMakeFiles/picoUartTxInt.dir/C_/Users/m3925/Documents/Pico/pico-sdk/src/common/pico_sync/mutex.c.obj
 .debug_info    0x0000cdc7      0xb65 CMakeFiles/picoUartTxInt.dir/C_/Users/m3925/Documents/Pico/pico-sdk/src/rp2_common/hardware_uart/uart.c.obj
 .debug_info    0x0000d92c      0xa87 CMakeFiles/picoUartTxInt.dir/C_/Users/m3925/Documents/Pico/pico-sdk/src/rp2_common/pico_runtime/runtime.c.obj
 .debug_info    0x0000e3b3      0xf63 CMakeFiles/picoUartTxInt.dir/C_/Users/m3925/Documents/Pico/pico-sdk/src/rp2_common/hardware_clocks/clocks.c.obj
 .debug_info    0x0000f316      0x54a CMakeFiles/picoUartTxInt.dir/C_/Users/m3925/Documents/Pico/pico-sdk/src/rp2_common/hardware_pll/pll.c.obj
 .debug_info    0x0000f860      0x4ee CMakeFiles/picoUartTxInt.dir/C_/Users/m3925/Documents/Pico/pico-sdk/src/rp2_common/hardware_watchdog/watchdog.c.obj
 .debug_info    0x0000fd4e      0x1d8 CMakeFiles/picoUartTxInt.dir/C_/Users/m3925/Documents/Pico/pico-sdk/src/rp2_common/hardware_xosc/xosc.c.obj
 .debug_info    0x0000ff26     0x1a5f CMakeFiles/picoUartTxInt.dir/C_/Users/m3925/Documents/Pico/pico-sdk/src/rp2_common/pico_printf/printf.c.obj
 .debug_info    0x00011985       0x22 CMakeFiles/picoUartTxInt.dir/C_/Users/m3925/Documents/Pico/pico-sdk/src/rp2_common/pico_bit_ops/bit_ops_aeabi.S.obj
 .debug_info    0x000119a7      0x27c CMakeFiles/picoUartTxInt.dir/C_/Users/m3925/Documents/Pico/pico-sdk/src/rp2_common/pico_bootrom/bootrom.c.obj
 .debug_info    0x00011c23       0x22 CMakeFiles/picoUartTxInt.dir/C_/Users/m3925/Documents/Pico/pico-sdk/src/rp2_common/pico_divider/divider.S.obj
 .debug_info    0x00011c45       0x22 CMakeFiles/picoUartTxInt.dir/C_/Users/m3925/Documents/Pico/pico-sdk/src/rp2_common/pico_double/double_aeabi.S.obj
 .debug_info    0x00011c67      0x2d1 CMakeFiles/picoUartTxInt.dir/C_/Users/m3925/Documents/Pico/pico-sdk/src/rp2_common/pico_double/double_init_rom.c.obj
 .debug_info    0x00011f38       0x22 CMakeFiles/picoUartTxInt.dir/C_/Users/m3925/Documents/Pico/pico-sdk/src/rp2_common/pico_double/double_v1_rom_shim.S.obj
 .debug_info    0x00011f5a       0x26 CMakeFiles/picoUartTxInt.dir/C_/Users/m3925/Documents/Pico/pico-sdk/src/rp2_common/pico_int64_ops/pico_int64_ops_aeabi.S.obj
 .debug_info    0x00011f80       0x22 CMakeFiles/picoUartTxInt.dir/C_/Users/m3925/Documents/Pico/pico-sdk/src/rp2_common/pico_float/float_aeabi.S.obj
 .debug_info    0x00011fa2      0x2eb CMakeFiles/picoUartTxInt.dir/C_/Users/m3925/Documents/Pico/pico-sdk/src/rp2_common/pico_float/float_init_rom.c.obj
 .debug_info    0x0001228d       0x22 CMakeFiles/picoUartTxInt.dir/C_/Users/m3925/Documents/Pico/pico-sdk/src/rp2_common/pico_float/float_v1_rom_shim.S.obj
 .debug_info    0x000122af       0x22 CMakeFiles/picoUartTxInt.dir/C_/Users/m3925/Documents/Pico/pico-sdk/src/rp2_common/pico_mem_ops/mem_ops_aeabi.S.obj
 .debug_info    0x000122d1       0x22 CMakeFiles/picoUartTxInt.dir/C_/Users/m3925/Documents/Pico/pico-sdk/src/rp2_common/pico_standard_link/crt0.S.obj
 .debug_info    0x000122f3      0x327 CMakeFiles/picoUartTxInt.dir/C_/Users/m3925/Documents/Pico/pico-sdk/src/rp2_common/pico_standard_link/binary_info.c.obj
 .debug_info    0x0001261a     0x12d4 CMakeFiles/picoUartTxInt.dir/C_/Users/m3925/Documents/Pico/pico-sdk/src/rp2_common/pico_stdio/stdio.c.obj

.debug_abbrev   0x00000000     0x3eca
 .debug_abbrev  0x00000000      0x1ac CMakeFiles/picoUartTxInt.dir/picoUartTxInt.c.obj
 .debug_abbrev  0x000001ac      0x257 CMakeFiles/picoUartTxInt.dir/uart_ex.c.obj
 .debug_abbrev  0x00000403      0x326 CMakeFiles/picoUartTxInt.dir/C_/Users/m3925/Documents/Pico/pico-sdk/src/rp2_common/hardware_gpio/gpio.c.obj
 .debug_abbrev  0x00000729      0x2e9 CMakeFiles/picoUartTxInt.dir/C_/Users/m3925/Documents/Pico/pico-sdk/src/rp2_common/hardware_claim/claim.c.obj
 .debug_abbrev  0x00000a12       0xeb CMakeFiles/picoUartTxInt.dir/C_/Users/m3925/Documents/Pico/pico-sdk/src/rp2_common/pico_platform/platform.c.obj
 .debug_abbrev  0x00000afd      0x21b CMakeFiles/picoUartTxInt.dir/C_/Users/m3925/Documents/Pico/pico-sdk/src/rp2_common/hardware_sync/sync.c.obj
 .debug_abbrev  0x00000d18      0x4fc CMakeFiles/picoUartTxInt.dir/C_/Users/m3925/Documents/Pico/pico-sdk/src/rp2_common/hardware_irq/irq.c.obj
 .debug_abbrev  0x00001214      0x116 CMakeFiles/picoUartTxInt.dir/C_/Users/m3925/Documents/Pico/pico-sdk/src/common/pico_sync/lock_core.c.obj
 .debug_abbrev  0x0000132a      0x54d CMakeFiles/picoUartTxInt.dir/C_/Users/m3925/Documents/Pico/pico-sdk/src/common/pico_time/time.c.obj
 .debug_abbrev  0x00001877      0x3a2 CMakeFiles/picoUartTxInt.dir/C_/Users/m3925/Documents/Pico/pico-sdk/src/rp2_common/hardware_timer/timer.c.obj
 .debug_abbrev  0x00001c19      0x297 CMakeFiles/picoUartTxInt.dir/C_/Users/m3925/Documents/Pico/pico-sdk/src/common/pico_util/pheap.c.obj
 .debug_abbrev  0x00001eb0      0x386 CMakeFiles/picoUartTxInt.dir/C_/Users/m3925/Documents/Pico/pico-sdk/src/common/pico_sync/mutex.c.obj
 .debug_abbrev  0x00002236      0x2d2 CMakeFiles/picoUartTxInt.dir/C_/Users/m3925/Documents/Pico/pico-sdk/src/rp2_common/hardware_uart/uart.c.obj
 .debug_abbrev  0x00002508      0x3aa CMakeFiles/picoUartTxInt.dir/C_/Users/m3925/Documents/Pico/pico-sdk/src/rp2_common/pico_runtime/runtime.c.obj
 .debug_abbrev  0x000028b2      0x3a5 CMakeFiles/picoUartTxInt.dir/C_/Users/m3925/Documents/Pico/pico-sdk/src/rp2_common/hardware_clocks/clocks.c.obj
 .debug_abbrev  0x00002c57      0x1ea CMakeFiles/picoUartTxInt.dir/C_/Users/m3925/Documents/Pico/pico-sdk/src/rp2_common/hardware_pll/pll.c.obj
 .debug_abbrev  0x00002e41      0x1a8 CMakeFiles/picoUartTxInt.dir/C_/Users/m3925/Documents/Pico/pico-sdk/src/rp2_common/hardware_watchdog/watchdog.c.obj
 .debug_abbrev  0x00002fe9      0x109 CMakeFiles/picoUartTxInt.dir/C_/Users/m3925/Documents/Pico/pico-sdk/src/rp2_common/hardware_xosc/xosc.c.obj
 .debug_abbrev  0x000030f2      0x384 CMakeFiles/picoUartTxInt.dir/C_/Users/m3925/Documents/Pico/pico-sdk/src/rp2_common/pico_printf/printf.c.obj
 .debug_abbrev  0x00003476       0x12 CMakeFiles/picoUartTxInt.dir/C_/Users/m3925/Documents/Pico/pico-sdk/src/rp2_common/pico_bit_ops/bit_ops_aeabi.S.obj
 .debug_abbrev  0x00003488      0x13b CMakeFiles/picoUartTxInt.dir/C_/Users/m3925/Documents/Pico/pico-sdk/src/rp2_common/pico_bootrom/bootrom.c.obj
 .debug_abbrev  0x000035c3       0x12 CMakeFiles/picoUartTxInt.dir/C_/Users/m3925/Documents/Pico/pico-sdk/src/rp2_common/pico_divider/divider.S.obj
 .debug_abbrev  0x000035d5       0x12 CMakeFiles/picoUartTxInt.dir/C_/Users/m3925/Documents/Pico/pico-sdk/src/rp2_common/pico_double/double_aeabi.S.obj
 .debug_abbrev  0x000035e7      0x179 CMakeFiles/picoUartTxInt.dir/C_/Users/m3925/Documents/Pico/pico-sdk/src/rp2_common/pico_double/double_init_rom.c.obj
 .debug_abbrev  0x00003760       0x12 CMakeFiles/picoUartTxInt.dir/C_/Users/m3925/Documents/Pico/pico-sdk/src/rp2_common/pico_double/double_v1_rom_shim.S.obj
 .debug_abbrev  0x00003772       0x14 CMakeFiles/picoUartTxInt.dir/C_/Users/m3925/Documents/Pico/pico-sdk/src/rp2_common/pico_int64_ops/pico_int64_ops_aeabi.S.obj
 .debug_abbrev  0x00003786       0x12 CMakeFiles/picoUartTxInt.dir/C_/Users/m3925/Documents/Pico/pico-sdk/src/rp2_common/pico_float/float_aeabi.S.obj
 .debug_abbrev  0x00003798      0x18c CMakeFiles/picoUartTxInt.dir/C_/Users/m3925/Documents/Pico/pico-sdk/src/rp2_common/pico_float/float_init_rom.c.obj
 .debug_abbrev  0x00003924       0x12 CMakeFiles/picoUartTxInt.dir/C_/Users/m3925/Documents/Pico/pico-sdk/src/rp2_common/pico_float/float_v1_rom_shim.S.obj
 .debug_abbrev  0x00003936       0x12 CMakeFiles/picoUartTxInt.dir/C_/Users/m3925/Documents/Pico/pico-sdk/src/rp2_common/pico_mem_ops/mem_ops_aeabi.S.obj
 .debug_abbrev  0x00003948       0x12 CMakeFiles/picoUartTxInt.dir/C_/Users/m3925/Documents/Pico/pico-sdk/src/rp2_common/pico_standard_link/crt0.S.obj
 .debug_abbrev  0x0000395a       0xad CMakeFiles/picoUartTxInt.dir/C_/Users/m3925/Documents/Pico/pico-sdk/src/rp2_common/pico_standard_link/binary_info.c.obj
 .debug_abbrev  0x00003a07      0x4c3 CMakeFiles/picoUartTxInt.dir/C_/Users/m3925/Documents/Pico/pico-sdk/src/rp2_common/pico_stdio/stdio.c.obj

.debug_loc      0x00000000     0xd629
 .debug_loc     0x00000000      0x21d CMakeFiles/picoUartTxInt.dir/picoUartTxInt.c.obj
 .debug_loc     0x0000021d      0x11d CMakeFiles/picoUartTxInt.dir/uart_ex.c.obj
 .debug_loc     0x0000033a     0x118d CMakeFiles/picoUartTxInt.dir/C_/Users/m3925/Documents/Pico/pico-sdk/src/rp2_common/hardware_gpio/gpio.c.obj
 .debug_loc     0x000014c7      0x45f CMakeFiles/picoUartTxInt.dir/C_/Users/m3925/Documents/Pico/pico-sdk/src/rp2_common/hardware_claim/claim.c.obj
 .debug_loc     0x00001926       0xe9 CMakeFiles/picoUartTxInt.dir/C_/Users/m3925/Documents/Pico/pico-sdk/src/rp2_common/pico_platform/platform.c.obj
 .debug_loc     0x00001a0f      0x233 CMakeFiles/picoUartTxInt.dir/C_/Users/m3925/Documents/Pico/pico-sdk/src/rp2_common/hardware_sync/sync.c.obj
 .debug_loc     0x00001c42     0x1365 CMakeFiles/picoUartTxInt.dir/C_/Users/m3925/Documents/Pico/pico-sdk/src/rp2_common/hardware_irq/irq.c.obj
 .debug_loc     0x00002fa7       0x60 CMakeFiles/picoUartTxInt.dir/C_/Users/m3925/Documents/Pico/pico-sdk/src/common/pico_sync/lock_core.c.obj
 .debug_loc     0x00003007     0x2e2a CMakeFiles/picoUartTxInt.dir/C_/Users/m3925/Documents/Pico/pico-sdk/src/common/pico_time/time.c.obj
 .debug_loc     0x00005e31      0x952 CMakeFiles/picoUartTxInt.dir/C_/Users/m3925/Documents/Pico/pico-sdk/src/rp2_common/hardware_timer/timer.c.obj
 .debug_loc     0x00006783     0x1439 CMakeFiles/picoUartTxInt.dir/C_/Users/m3925/Documents/Pico/pico-sdk/src/common/pico_util/pheap.c.obj
 .debug_loc     0x00007bbc     0x1469 CMakeFiles/picoUartTxInt.dir/C_/Users/m3925/Documents/Pico/pico-sdk/src/common/pico_sync/mutex.c.obj
 .debug_loc     0x00009025      0x520 CMakeFiles/picoUartTxInt.dir/C_/Users/m3925/Documents/Pico/pico-sdk/src/rp2_common/hardware_uart/uart.c.obj
 .debug_loc     0x00009545      0x3f0 CMakeFiles/picoUartTxInt.dir/C_/Users/m3925/Documents/Pico/pico-sdk/src/rp2_common/pico_runtime/runtime.c.obj
 .debug_loc     0x00009935      0x7eb CMakeFiles/picoUartTxInt.dir/C_/Users/m3925/Documents/Pico/pico-sdk/src/rp2_common/hardware_clocks/clocks.c.obj
 .debug_loc     0x0000a120      0x32f CMakeFiles/picoUartTxInt.dir/C_/Users/m3925/Documents/Pico/pico-sdk/src/rp2_common/hardware_pll/pll.c.obj
 .debug_loc     0x0000a44f      0x2ec CMakeFiles/picoUartTxInt.dir/C_/Users/m3925/Documents/Pico/pico-sdk/src/rp2_common/hardware_watchdog/watchdog.c.obj
 .debug_loc     0x0000a73b       0x71 CMakeFiles/picoUartTxInt.dir/C_/Users/m3925/Documents/Pico/pico-sdk/src/rp2_common/hardware_xosc/xosc.c.obj
 .debug_loc     0x0000a7ac     0x2095 CMakeFiles/picoUartTxInt.dir/C_/Users/m3925/Documents/Pico/pico-sdk/src/rp2_common/pico_printf/printf.c.obj
 .debug_loc     0x0000c841      0x1a1 CMakeFiles/picoUartTxInt.dir/C_/Users/m3925/Documents/Pico/pico-sdk/src/rp2_common/pico_bootrom/bootrom.c.obj
 .debug_loc     0x0000c9e2       0x59 CMakeFiles/picoUartTxInt.dir/C_/Users/m3925/Documents/Pico/pico-sdk/src/rp2_common/pico_double/double_init_rom.c.obj
 .debug_loc     0x0000ca3b       0x73 CMakeFiles/picoUartTxInt.dir/C_/Users/m3925/Documents/Pico/pico-sdk/src/rp2_common/pico_float/float_init_rom.c.obj
 .debug_loc     0x0000caae      0xb7b CMakeFiles/picoUartTxInt.dir/C_/Users/m3925/Documents/Pico/pico-sdk/src/rp2_common/pico_stdio/stdio.c.obj

.debug_aranges  0x00000000      0xdb0
 .debug_aranges
                0x00000000       0x20 CMakeFiles/picoUartTxInt.dir/picoUartTxInt.c.obj
 .debug_aranges
                0x00000020       0x40 CMakeFiles/picoUartTxInt.dir/uart_ex.c.obj
 .debug_aranges
                0x00000060      0x100 CMakeFiles/picoUartTxInt.dir/C_/Users/m3925/Documents/Pico/pico-sdk/src/rp2_common/hardware_gpio/gpio.c.obj
 .debug_aranges
                0x00000160       0x48 CMakeFiles/picoUartTxInt.dir/C_/Users/m3925/Documents/Pico/pico-sdk/src/rp2_common/hardware_claim/claim.c.obj
 .debug_aranges
                0x000001a8       0x28 CMakeFiles/picoUartTxInt.dir/C_/Users/m3925/Documents/Pico/pico-sdk/src/rp2_common/pico_platform/platform.c.obj
 .debug_aranges
                0x000001d0       0x58 CMakeFiles/picoUartTxInt.dir/C_/Users/m3925/Documents/Pico/pico-sdk/src/rp2_common/hardware_sync/sync.c.obj
 .debug_aranges
                0x00000228       0xc8 CMakeFiles/picoUartTxInt.dir/C_/Users/m3925/Documents/Pico/pico-sdk/src/rp2_common/hardware_irq/irq.c.obj
 .debug_aranges
                0x000002f0       0x20 CMakeFiles/picoUartTxInt.dir/C_/Users/m3925/Documents/Pico/pico-sdk/src/common/pico_sync/lock_core.c.obj
 .debug_aranges
                0x00000310       0xd0 CMakeFiles/picoUartTxInt.dir/C_/Users/m3925/Documents/Pico/pico-sdk/src/common/pico_time/time.c.obj
 .debug_aranges
                0x000003e0       0x78 CMakeFiles/picoUartTxInt.dir/C_/Users/m3925/Documents/Pico/pico-sdk/src/rp2_common/hardware_timer/timer.c.obj
 .debug_aranges
                0x00000458       0x78 CMakeFiles/picoUartTxInt.dir/C_/Users/m3925/Documents/Pico/pico-sdk/src/common/pico_util/pheap.c.obj
 .debug_aranges
                0x000004d0       0x88 CMakeFiles/picoUartTxInt.dir/C_/Users/m3925/Documents/Pico/pico-sdk/src/common/pico_sync/mutex.c.obj
 .debug_aranges
                0x00000558       0x40 CMakeFiles/picoUartTxInt.dir/C_/Users/m3925/Documents/Pico/pico-sdk/src/rp2_common/hardware_uart/uart.c.obj
 .debug_aranges
                0x00000598       0x60 CMakeFiles/picoUartTxInt.dir/C_/Users/m3925/Documents/Pico/pico-sdk/src/rp2_common/pico_runtime/runtime.c.obj
 .debug_aranges
                0x000005f8       0x70 CMakeFiles/picoUartTxInt.dir/C_/Users/m3925/Documents/Pico/pico-sdk/src/rp2_common/hardware_clocks/clocks.c.obj
 .debug_aranges